Archive member included to satisfy reference by file (symbol)

c:/st/stm32cubeide_1.8.0/stm32cubeide/plugins/com.st.stm32cube.ide.mcu.externaltools.gnu-tools-for-stm32.9-2020-q2-update.win32_2.0.0.202105311346/tools/bin/../lib/gcc/arm-none-eabi/9.3.1/../../../../arm-none-eabi/lib/thumb/v7e-m+dp/hard\libm.a(lib_a-cosf.o)
                              ./Core/Src/main.o (cosf)
c:/st/stm32cubeide_1.8.0/stm32cubeide/plugins/com.st.stm32cube.ide.mcu.externaltools.gnu-tools-for-stm32.9-2020-q2-update.win32_2.0.0.202105311346/tools/bin/../lib/gcc/arm-none-eabi/9.3.1/../../../../arm-none-eabi/lib/thumb/v7e-m+dp/hard\libm.a(lib_a-math_errf.o)
                              c:/st/stm32cubeide_1.8.0/stm32cubeide/plugins/com.st.stm32cube.ide.mcu.externaltools.gnu-tools-for-stm32.9-2020-q2-update.win32_2.0.0.202105311346/tools/bin/../lib/gcc/arm-none-eabi/9.3.1/../../../../arm-none-eabi/lib/thumb/v7e-m+dp/hard\libm.a(lib_a-cosf.o) (__math_invalidf)
c:/st/stm32cubeide_1.8.0/stm32cubeide/plugins/com.st.stm32cube.ide.mcu.externaltools.gnu-tools-for-stm32.9-2020-q2-update.win32_2.0.0.202105311346/tools/bin/../lib/gcc/arm-none-eabi/9.3.1/../../../../arm-none-eabi/lib/thumb/v7e-m+dp/hard\libm.a(lib_a-pow.o)
                              ./Core/Src/main.o (pow)
c:/st/stm32cubeide_1.8.0/stm32cubeide/plugins/com.st.stm32cube.ide.mcu.externaltools.gnu-tools-for-stm32.9-2020-q2-update.win32_2.0.0.202105311346/tools/bin/../lib/gcc/arm-none-eabi/9.3.1/../../../../arm-none-eabi/lib/thumb/v7e-m+dp/hard\libm.a(lib_a-pow_log_data.o)
                              c:/st/stm32cubeide_1.8.0/stm32cubeide/plugins/com.st.stm32cube.ide.mcu.externaltools.gnu-tools-for-stm32.9-2020-q2-update.win32_2.0.0.202105311346/tools/bin/../lib/gcc/arm-none-eabi/9.3.1/../../../../arm-none-eabi/lib/thumb/v7e-m+dp/hard\libm.a(lib_a-pow.o) (__pow_log_data)
c:/st/stm32cubeide_1.8.0/stm32cubeide/plugins/com.st.stm32cube.ide.mcu.externaltools.gnu-tools-for-stm32.9-2020-q2-update.win32_2.0.0.202105311346/tools/bin/../lib/gcc/arm-none-eabi/9.3.1/../../../../arm-none-eabi/lib/thumb/v7e-m+dp/hard\libm.a(lib_a-sincosf_data.o)
                              c:/st/stm32cubeide_1.8.0/stm32cubeide/plugins/com.st.stm32cube.ide.mcu.externaltools.gnu-tools-for-stm32.9-2020-q2-update.win32_2.0.0.202105311346/tools/bin/../lib/gcc/arm-none-eabi/9.3.1/../../../../arm-none-eabi/lib/thumb/v7e-m+dp/hard\libm.a(lib_a-cosf.o) (__inv_pio4)
c:/st/stm32cubeide_1.8.0/stm32cubeide/plugins/com.st.stm32cube.ide.mcu.externaltools.gnu-tools-for-stm32.9-2020-q2-update.win32_2.0.0.202105311346/tools/bin/../lib/gcc/arm-none-eabi/9.3.1/../../../../arm-none-eabi/lib/thumb/v7e-m+dp/hard\libm.a(lib_a-sinf.o)
                              ./Core/Src/main.o (sinf)
c:/st/stm32cubeide_1.8.0/stm32cubeide/plugins/com.st.stm32cube.ide.mcu.externaltools.gnu-tools-for-stm32.9-2020-q2-update.win32_2.0.0.202105311346/tools/bin/../lib/gcc/arm-none-eabi/9.3.1/../../../../arm-none-eabi/lib/thumb/v7e-m+dp/hard\libm.a(lib_a-wf_atan2.o)
                              ./Core/Src/main.o (atan2f)
c:/st/stm32cubeide_1.8.0/stm32cubeide/plugins/com.st.stm32cube.ide.mcu.externaltools.gnu-tools-for-stm32.9-2020-q2-update.win32_2.0.0.202105311346/tools/bin/../lib/gcc/arm-none-eabi/9.3.1/../../../../arm-none-eabi/lib/thumb/v7e-m+dp/hard\libm.a(lib_a-wf_sqrt.o)
                              ./Core/Src/main.o (sqrtf)
c:/st/stm32cubeide_1.8.0/stm32cubeide/plugins/com.st.stm32cube.ide.mcu.externaltools.gnu-tools-for-stm32.9-2020-q2-update.win32_2.0.0.202105311346/tools/bin/../lib/gcc/arm-none-eabi/9.3.1/../../../../arm-none-eabi/lib/thumb/v7e-m+dp/hard\libm.a(lib_a-ef_atan2.o)
                              c:/st/stm32cubeide_1.8.0/stm32cubeide/plugins/com.st.stm32cube.ide.mcu.externaltools.gnu-tools-for-stm32.9-2020-q2-update.win32_2.0.0.202105311346/tools/bin/../lib/gcc/arm-none-eabi/9.3.1/../../../../arm-none-eabi/lib/thumb/v7e-m+dp/hard\libm.a(lib_a-wf_atan2.o) (__ieee754_atan2f)
c:/st/stm32cubeide_1.8.0/stm32cubeide/plugins/com.st.stm32cube.ide.mcu.externaltools.gnu-tools-for-stm32.9-2020-q2-update.win32_2.0.0.202105311346/tools/bin/../lib/gcc/arm-none-eabi/9.3.1/../../../../arm-none-eabi/lib/thumb/v7e-m+dp/hard\libm.a(lib_a-ef_sqrt.o)
                              c:/st/stm32cubeide_1.8.0/stm32cubeide/plugins/com.st.stm32cube.ide.mcu.externaltools.gnu-tools-for-stm32.9-2020-q2-update.win32_2.0.0.202105311346/tools/bin/../lib/gcc/arm-none-eabi/9.3.1/../../../../arm-none-eabi/lib/thumb/v7e-m+dp/hard\libm.a(lib_a-wf_sqrt.o) (__ieee754_sqrtf)
c:/st/stm32cubeide_1.8.0/stm32cubeide/plugins/com.st.stm32cube.ide.mcu.externaltools.gnu-tools-for-stm32.9-2020-q2-update.win32_2.0.0.202105311346/tools/bin/../lib/gcc/arm-none-eabi/9.3.1/../../../../arm-none-eabi/lib/thumb/v7e-m+dp/hard\libm.a(lib_a-exp_data.o)
[...]
Memory Configuration

Name             Origin             Length             Attributes
FLASH            0x0000000008000000 0x0000000000200000 xr
RAM              0x0000000020000000 0x0000000000020000 xrw
RAM_D1           0x0000000024000000 0x0000000000080000 xrw
RAM_D2           0x0000000030000000 0x0000000000048000 xrw
RAM_D3           0x0000000038000000 0x0000000000010000 xrw
ITCMRAM          0x0000000000000000 0x0000000000010000 xrw
*default*        0x0000000000000000 0xffffffffffffffff

Linker script and memory map

LOAD c:/st/stm32cubeide_1.8.0/stm32cubeide/plugins/com.st.stm32cube.ide.mcu.externaltools.gnu-tools-for-stm32.9-2020-q2-update.win32_2.0.0.202105311346/tools/bin/../lib/gcc/arm-none-eabi/9.3.1/thumb/v7e-m+dp/hard/crti.o
LOAD c:/st/stm32cubeide_1.8.0/stm32cubeide/plugins/com.st.stm32cube.ide.mcu.externaltools.gnu-tools-for-stm32.9-2020-q2-update.win32_2.0.0.202105311346/tools/bin/../lib/gcc/arm-none-eabi/9.3.1/thumb/v7e-m+dp/hard/crtbegin.o
LOAD c:/st/stm32cubeide_1.8.0/stm32cubeide/plugins/com.st.stm32cube.ide.mcu.externaltools.gnu-tools-for-stm32.9-2020-q2-update.win32_2.0.0.202105311346/tools/bin/../lib/gcc/arm-none-eabi/9.3.1/../../../../arm-none-eabi/lib/thumb/v7e-m+dp/hard/crt0.o
LOAD ./Core/Src/AMT21.o
LOAD ./Core/Src/Controller.o
LOAD ./Core/Src/ServoMotor.o
LOAD ./Core/Src/Stepper.o
LOAD ./Core/Src/crc.o
LOAD ./Core/Src/dma.o
LOAD ./Core/Src/gpio.o
LOAD ./Core/Src/main.o
LOAD ./Core/Src/spi.o
LOAD ./Core/Src/stm32h7xx_hal_msp.o
LOAD ./Core/Src/stm32h7xx_it.o
LOAD ./Core/Src/syscalls.o
LOAD ./Core/Src/sysmem.o
LOAD ./Core/Src/system_stm32h7xx.o
LOAD ./Core/Src/tim.o
LOAD ./Core/Src/usart.o
LOAD ./Core/Startup/startup_stm32h743zitx.o
LOAD ./Drivers/STM32H7xx_HAL_Driver/Src/stm32h7xx_hal.o
LOAD ./Drivers/STM32H7xx_HAL_Driver/Src/stm32h7xx_hal_cortex.o
LOAD ./Drivers/STM32H7xx_HAL_Driver/Src/stm32h7xx_hal_crc.o
LOAD ./Drivers/STM32H7xx_HAL_Driver/Src/stm32h7xx_hal_crc_ex.o
LOAD ./Drivers/STM32H7xx_HAL_Driver/Src/stm32h7xx_hal_dma.o
LOAD ./Drivers/STM32H7xx_HAL_Driver/Src/stm32h7xx_hal_dma_ex.o
LOAD ./Drivers/STM32H7xx_HAL_Driver/Src/stm32h7xx_hal_exti.o
LOAD ./Drivers/STM32H7xx_HAL_Driver/Src/stm32h7xx_hal_flash.o
LOAD ./Drivers/STM32H7xx_HAL_Driver/Src/stm32h7xx_hal_flash_ex.o
LOAD ./Drivers/STM32H7xx_HAL_Driver/Src/stm32h7xx_hal_gpio.o
LOAD ./Drivers/STM32H7xx_HAL_Driver/Src/stm32h7xx_hal_hsem.o
LOAD ./Drivers/STM32H7xx_HAL_Driver/Src/stm32h7xx_hal_i2c.o
LOAD ./Drivers/STM32H7xx_HAL_Driver/Src/stm32h7xx_hal_i2c_ex.o
LOAD ./Drivers/STM32H7xx_HAL_Driver/Src/stm32h7xx_hal_mdma.o
LOAD ./Drivers/STM32H7xx_HAL_Driver/Src/stm32h7xx_hal_pwr.o
LOAD ./Drivers/STM32H7xx_HAL_Driver/Src/stm32h7xx_hal_pwr_ex.o
LOAD ./Drivers/STM32H7xx_HAL_Driver/Src/stm32h7xx_hal_rcc.o
LOAD ./Drivers/STM32H7xx_HAL_Driver/Src/stm32h7xx_hal_rcc_ex.o
LOAD ./Drivers/STM32H7xx_HAL_Driver/Src/stm32h7xx_hal_spi.o
LOAD ./Drivers/STM32H7xx_HAL_Driver/Src/stm32h7xx_hal_spi_ex.o
LOAD ./Drivers/STM32H7xx_HAL_Driver/Src/stm32h7xx_hal_tim.o
LOAD ./Drivers/STM32H7xx_HAL_Driver/Src/stm32h7xx_hal_tim_ex.o
LOAD ./Drivers/STM32H7xx_HAL_Driver/Src/stm32h7xx_hal_uart.o
LOAD ./Drivers/STM32H7xx_HAL_Driver/Src/stm32h7xx_hal_uart_ex.o
START GROUP
LOAD c:/st/stm32cubeide_1.8.0/stm32cubeide/plugins/com.st.stm32cube.ide.mcu.externaltools.gnu-tools-for-stm32.9-2020-q2-update.win32_2.0.0.202105311346/tools/bin/../lib/gcc/arm-none-eabi/9.3.1/../../../../arm-none-eabi/lib/thumb/v7e-m+dp/hard\libstdc++_nano.a
LOAD c:/st/stm32cubeide_1.8.0/stm32cubeide/plugins/com.st.stm32cube.ide.mcu.externaltools.gnu-tools-for-stm32.9-2020-q2-update.win32_2.0.0.202105311346/tools/bin/../lib/gcc/arm-none-eabi/9.3.1/../../../../arm-none-eabi/lib/thumb/v7e-m+dp/hard\libsupc++_nano.a
END GROUP
LOAD c:/st/stm32cubeide_1.8.0/stm32cubeide/plugins/com.st.stm32cube.ide.mcu.externaltools.gnu-tools-for-stm32.9-2020-q2-update.win32_2.0.0.202105311346/tools/bin/../lib/gcc/arm-none-eabi/9.3.1/../../../../arm-none-eabi/lib/thumb/v7e-m+dp/hard\libstdc++_nano.a
LOAD c:/st/stm32cubeide_1.8.0/stm32cubeide/plugins/com.st.stm32cube.ide.mcu.externaltools.gnu-tools-for-stm32.9-2020-q2-update.win32_2.0.0.202105311346/tools/bin/../lib/gcc/arm-none-eabi/9.3.1/../../../../arm-none-eabi/lib/thumb/v7e-m+dp/hard\libm.a
LOAD c:/st/stm32cubeide_1.8.0/stm32cubeide/plugins/com.st.stm32cube.ide.mcu.externaltools.gnu-tools-for-stm32.9-2020-q2-update.win32_2.0.0.202105311346/tools/bin/../lib/gcc/arm-none-eabi/9.3.1/../../../../arm-none-eabi/lib/thumb/v7e-m+dp/hard\libc_nano.a
START GROUP
LOAD c:/st/stm32cubeide_1.8.0/stm32cubeide/plugins/com.st.stm32cube.ide.mcu.externaltools.gnu-tools-for-stm32.9-2020-q2-update.win32_2.0.0.202105311346/tools/bin/../lib/gcc/arm-none-eabi/9.3.1/thumb/v7e-m+dp/hard\libgcc.a
LOAD c:/st/stm32cubeide_1.8.0/stm32cubeide/plugins/com.st.stm32cube.ide.mcu.externaltools.gnu-tools-for-stm32.9-2020-q2-update.win32_2.0.0.202105311346/tools/bin/../lib/gcc/arm-none-eabi/9.3.1/../../../../arm-none-eabi/lib/thumb/v7e-m+dp/hard\libc_nano.a
END GROUP
START GROUP
LOAD c:/st/stm32cubeide_1.8.0/stm32cubeide/plugins/com.st.stm32cube.ide.mcu.externaltools.gnu-tools-for-stm32.9-2020-q2-update.win32_2.0.0.202105311346/tools/bin/../lib/gcc/arm-none-eabi/9.3.1/thumb/v7e-m+dp/hard\libgcc.a
LOAD c:/st/stm32cubeide_1.8.0/stm32cubeide/plugins/com.st.stm32cube.ide.mcu.externaltools.gnu-tools-for-stm32.9-2020-q2-update.win32_2.0.0.202105311346/tools/bin/../lib/gcc/arm-none-eabi/9.3.1/../../../../arm-none-eabi/lib/thumb/v7e-m+dp/hard\libc_nano.a
END GROUP
LOAD c:/st/stm32cubeide_1.8.0/stm32cubeide/plugins/com.st.stm32cube.ide.mcu.externaltools.gnu-tools-for-stm32.9-2020-q2-update.win32_2.0.0.202105311346/tools/bin/../lib/gcc/arm-none-eabi/9.3.1/thumb/v7e-m+dp/hard/crtend.o
LOAD c:/st/stm32cubeide_1.8.0/stm32cubeide/plugins/com.st.stm32cube.ide.mcu.externaltools.gnu-tools-for-stm32.9-2020-q2-update.win32_2.0.0.202105311346/tools/bin/../lib/gcc/arm-none-eabi/9.3.1/thumb/v7e-m+dp/hard/crtn.o
                0x00000000240015e8                _estack = 0x20020000
                0x0000000000000200                _Min_Heap_Size = 0x200
                0x0000000000000400                _Min_Stack_Size = 0x400

.isr_vector     0x0000000008000000      0x298
                0x0000000008000000                . = ALIGN (0x4)
 *(.isr_vector)
 .isr_vector    0x0000000008000000      0x298 ./Core/Startup/startup_stm32h743zitx.o
                0x0000000008000000                g_pfnVectors
                0x0000000008000298                . = ALIGN (0x4)

.text           0x00000000080002a0    0x1252c
                0x00000000080002a0                . = ALIGN (0x4)
 *(.text)
 .text          0x00000000080002a0       0x40 c:/st/stm32cubeide_1.8.0/stm32cubeide/plugins/com.st.stm32cube.ide.mcu.externaltools.gnu-tools-for-stm32.9-2020-q2-update.win32_2.0.0.202105311346/tools/bin/../lib/gcc/arm-none-eabi/9.3.1/thumb/v7e-m+dp/hard/crtbegin.o
 .text          0x00000000080002e0       0x10 c:/st/stm32cubeide_1.8.0/stm32cubeide/plugins/com.st.stm32cube.ide.mcu.externaltools.gnu-tools-for-stm32.9-2020-q2-update.win32_2.0.0.202105311346/tools/bin/../lib/gcc/arm-none-eabi/9.3.1/../../../../arm-none-eabi/lib/thumb/v7e-m+dp/hard\libc_nano.a(lib_a-strlen.o)
                0x00000000080002e0                strlen
 .text          0x00000000080002f0       0xa0 c:/st/stm32cubeide_1.8.0/stm32cubeide/plugins/com.st.stm32cube.ide.mcu.externaltools.gnu-tools-for-stm32.9-2020-q2-update.win32_2.0.0.202105311346/tools/bin/../lib/gcc/arm-none-eabi/9.3.1/../../../../arm-none-eabi/lib/thumb/v7e-m+dp/hard\libc_nano.a(lib_a-memchr.o)
                0x00000000080002f0                memchr
 .text          0x0000000008000390      0x378 c:/st/stm32cubeide_1.8.0/stm32cubeide/plugins/com.st.stm32cube.ide.mcu.externaltools.gnu-tools-for-stm32.9-2020-q2-update.win32_2.0.0.202105311346/tools/bin/../lib/gcc/arm-none-eabi/9.3.1/thumb/v7e-m+dp/hard\libgcc.a(_arm_addsubdf3.o)
                0x0000000008000390                __aeabi_drsub
                0x0000000008000398                __aeabi_dsub
                0x0000000008000398                __subdf3
                0x000000000800039c                __aeabi_dadd
                0x000000000800039c                __adddf3
                0x0000000008000614                __floatunsidf
                0x0000000008000614                __aeabi_ui2d
                0x0000000008000634                __floatsidf
                0x0000000008000634                __aeabi_i2d
                0x0000000008000658                __aeabi_f2d
                0x0000000008000658                __extendsfdf2
                0x000000000800069c                __floatundidf
                0x000000000800069c                __aeabi_ul2d
                0x00000000080006ac                __floatdidf
                0x00000000080006ac                __aeabi_l2d
 .text          0x0000000008000708       0x30 c:/st/stm32cubeide_1.8.0/stm32cubeide/plugins/com.st.stm32cube.ide.mcu.externaltools.gnu-tools-for-stm32.9-2020-q2-update.win32_2.0.0.202105311346/tools/bin/../lib/gcc/arm-none-eabi/9.3.1/thumb/v7e-m+dp/hard\libgcc.a(_aeabi_uldivmod.o)
                0x0000000008000708                __aeabi_uldivmod
 .text          0x0000000008000738      0x2c4 c:/st/stm32cubeide_1.8.0/stm32cubeide/plugins/com.st.stm32cube.ide.mcu.externaltools.gnu-tools-for-stm32.9-2020-q2-update.win32_2.0.0.202105311346/tools/bin/../lib/gcc/arm-none-eabi/9.3.1/thumb/v7e-m+dp/hard\libgcc.a(_udivmoddi4.o)
                0x0000000008000738                __udivmoddi4
 .text          0x00000000080009fc        0x4 c:/st/stm32cubeide_1.8.0/stm32cubeide/plugins/com.st.stm32cube.ide.mcu.externaltools.gnu-tools-for-stm32.9-2020-q2-update.win32_2.0.0.202105311346/tools/bin/../lib/gcc/arm-none-eabi/9.3.1/thumb/v7e-m+dp/hard\libgcc.a(_dvmd_tls.o)
                0x00000000080009fc                __aeabi_idiv0
                0x00000000080009fc                __aeabi_ldiv0
 *(.text*)
 .text._ZN5AMT21C2EP20__UART_HandleTypeDefh
                0x0000000008000a00       0x28 ./Core/Src/AMT21.o
                0x0000000008000a00                AMT21::AMT21(__UART_HandleTypeDef*, unsigned char)
                0x0000000008000a00                AMT21::AMT21(__UART_HandleTypeDef*, unsigned char)
 .text._ZN5AMT21D2Ev
                0x0000000008000a28       0x16 ./Core/Src/AMT21.o
                0x0000000008000a28                AMT21::~AMT21()
                0x0000000008000a28                AMT21::~AMT21()
 .text._ZN5AMT2110AMT21_ReadEv
                0x0000000008000a3e       0x5e ./Core/Src/AMT21.o
                0x0000000008000a3e                AMT21::AMT21_Read()
 .text._ZN5AMT2117AMT21_Check_ValueEv
                0x0000000008000a9c       0xc8 ./Core/Src/AMT21.o
                0x0000000008000a9c                AMT21::AMT21_Check_Value()
 .text._ZN5AMT2112getAngPos180Ev
                0x0000000008000b64       0x42 ./Core/Src/AMT21.o
                0x0000000008000b64                AMT21::getAngPos180()
 .text._ZSt5floorf
                0x0000000008000ba6       0x20 ./Core/Src/ServoMotor.o
                0x0000000008000ba6                std::floor(float)
 .text._ZSt5roundf
                0x0000000008000bc6       0x20 ./Core/Src/ServoMotor.o
                0x0000000008000bc6                std::round(float)
 .text._ZN10ServoMotorC2EP17TIM_HandleTypeDefm
                0x0000000008000be6       0x60 ./Core/Src/ServoMotor.o
                0x0000000008000be6                ServoMotor::ServoMotor(TIM_HandleTypeDef*, unsigned long)
                0x0000000008000be6                ServoMotor::ServoMotor(TIM_HandleTypeDef*, unsigned long)
 .text._ZN10ServoMotorD2Ev
                0x0000000008000c46       0x16 ./Core/Src/ServoMotor.o
                0x0000000008000c46                ServoMotor::~ServoMotor()
                0x0000000008000c46                ServoMotor::~ServoMotor()
 .text._ZN10ServoMotor11ServoEnableEv
                0x0000000008000c5c       0x20 ./Core/Src/ServoMotor.o
                0x0000000008000c5c                ServoMotor::ServoEnable()
 .text._ZN10ServoMotor17ServoRotateDegreeEl
                0x0000000008000c7c      0x388 ./Core/Src/ServoMotor.o
                0x0000000008000c7c                ServoMotor::ServoRotateDegree(long)
 .text._ZN10ServoMotor20setDegreeGripperOpenEl
                0x0000000008001004       0x22 ./Core/Src/ServoMotor.o
                0x0000000008001004                ServoMotor::setDegreeGripperOpen(long)
 .text._ZN10ServoMotor21setDegreeGripperCloseEl
                0x0000000008001026       0x22 ./Core/Src/ServoMotor.o
                0x0000000008001026                ServoMotor::setDegreeGripperClose(long)
 .text._ZN10ServoMotor12GripperCloseEv
                0x0000000008001048       0x2c ./Core/Src/ServoMotor.o
                0x0000000008001048                ServoMotor::GripperClose()
 .text._ZN10ServoMotor11GripperOpenEv
                0x0000000008001074       0x2c ./Core/Src/ServoMotor.o
                0x0000000008001074                ServoMotor::GripperOpen()
 .text._ZN10ServoMotor10GripperMapElllll
                0x00000000080010a0       0x38 ./Core/Src/ServoMotor.o
                0x00000000080010a0                ServoMotor::GripperMap(long, long, long, long, long)
 .text._ZSt4fabsf
                0x00000000080010d8       0x20 ./Core/Src/Stepper.o
                0x00000000080010d8                std::fabs(float)
 .text._ZN7StepperC2EP17TIM_HandleTypeDefmP12GPIO_TypeDefm
                0x00000000080010f8       0x88 ./Core/Src/Stepper.o
                0x00000000080010f8                Stepper::Stepper(TIM_HandleTypeDef*, unsigned long, GPIO_TypeDef*, unsigned long)
                0x00000000080010f8                Stepper::Stepper(TIM_HandleTypeDef*, unsigned long, GPIO_TypeDef*, unsigned long)
 .text._ZN7StepperD2Ev
                0x0000000008001180       0x16 ./Core/Src/Stepper.o
                0x0000000008001180                Stepper::~Stepper()
                0x0000000008001180                Stepper::~Stepper()
 .text._ZN7Stepper13StepperEnableEv
                0x0000000008001196       0x20 ./Core/Src/Stepper.o
                0x0000000008001196                Stepper::StepperEnable()
 *fill*         0x00000000080011b6        0x2 
 .text._ZN7Stepper19StepperSetFrequencyEf
                0x00000000080011b8      0x4f0 ./Core/Src/Stepper.o
                0x00000000080011b8                Stepper::StepperSetFrequency(float)
 .text._ZN7Stepper15StepperSetRatioEf
                0x00000000080016a8       0x26 ./Core/Src/Stepper.o
                0x00000000080016a8                Stepper::StepperSetRatio(float)
 .text._ZSt4fabsIhEN9__gnu_cxx11__enable_ifIXsrSt12__is_integerIT_E7__valueEdE6__typeES3_
                0x00000000080016ce       0x22 ./Core/Src/Stepper.o
                0x00000000080016ce                __gnu_cxx::__enable_if<std::__is_integer<unsigned char>::__value, double>::__type std::fabs<unsigned char>(unsigned char)
 .text._ZN7Stepper19StepperSetMicrostepEh
                0x00000000080016f0       0x2a ./Core/Src/Stepper.o
                0x00000000080016f0                Stepper::StepperSetMicrostep(unsigned char)
 *fill*         0x000000000800171a        0x6 
 .text._ZN7Stepper20StepperOpenLoopSpeedEf
                0x0000000008001720       0x58 ./Core/Src/Stepper.o
                0x0000000008001720                Stepper::StepperOpenLoopSpeed(float)
 .text._ZSt5roundImEN9__gnu_cxx11__enable_ifIXsrSt12__is_integerIT_E7__valueEdE6__typeES3_
                0x0000000008001778       0x20 ./Core/Src/Stepper.o
                0x0000000008001778                __gnu_cxx::__enable_if<std::__is_integer<unsigned long>::__value, double>::__type std::round<unsigned long>(unsigned long)
 .text.MX_CRC_Init
                0x0000000008001798       0x5c ./Core/Src/crc.o
                0x0000000008001798                MX_CRC_Init
 .text.HAL_CRC_MspInit
                0x00000000080017f4       0x44 ./Core/Src/crc.o
                0x00000000080017f4                HAL_CRC_MspInit
 .text.MX_DMA_Init
                0x0000000008001838       0x80 ./Core/Src/dma.o
                0x0000000008001838                MX_DMA_Init
 .text.MX_GPIO_Init
                0x00000000080018b8      0x26c ./Core/Src/gpio.o
                0x00000000080018b8                MX_GPIO_Init
 .text._ZSt5atan2ff
                0x0000000008001b24       0x28 ./Core/Src/main.o
                0x0000000008001b24                std::atan2(float, float)
 .text._ZSt3cosf
                0x0000000008001b4c       0x20 ./Core/Src/main.o
                0x0000000008001b4c                std::cos(float)
 .text._ZSt3sinf
                0x0000000008001b6c       0x20 ./Core/Src/main.o
                0x0000000008001b6c                std::sin(float)
 .text._ZSt4sqrtf
                0x0000000008001b8c       0x20 ./Core/Src/main.o
                0x0000000008001b8c                std::sqrt(float)
 .text.HAL_UARTEx_RxEventCallback
                0x0000000008001bac      0x520 ./Core/Src/main.o
                0x0000000008001bac                HAL_UARTEx_RxEventCallback
 .text._ZN11robot_jointC2Ev
                0x00000000080020cc       0x6c ./Core/Src/main.o
                0x00000000080020cc                robot_joint::robot_joint()
                0x00000000080020cc                robot_joint::robot_joint()
 .text._Z10Update_ivkffffffff
                0x0000000008002138      0x1e4 ./Core/Src/main.o
                0x0000000008002138                Update_ivk(float, float, float, float, float, float, float, float)
 .text._Z12KalmanFilterf11robot_joint
                0x000000000800231c      0x83c ./Core/Src/main.o
                0x000000000800231c                KalmanFilter(float, robot_joint)
 .text._Z7find_IKffff
                0x0000000008002b58      0x214 ./Core/Src/main.o
                0x0000000008002b58                find_IK(float, float, float, float)
 *fill*         0x0000000008002d6c        0x4 
 .text.HAL_TIM_PeriodElapsedCallback
                0x0000000008002d70      0x9e8 ./Core/Src/main.o
                0x0000000008002d70                HAL_TIM_PeriodElapsedCallback
 .text.main     0x0000000008003758      0x32c ./Core/Src/main.o
                0x0000000008003758                main
 .text._Z18SystemClock_Configv
                0x0000000008003a84      0x114 ./Core/Src/main.o
                0x0000000008003a84                SystemClock_Config()
 .text.HAL_UART_RxCpltCallback
                0x0000000008003b98       0x14 ./Core/Src/main.o
                0x0000000008003b98                HAL_UART_RxCpltCallback
 .text.HAL_GPIO_EXTI_Callback
                0x0000000008003bac       0x16 ./Core/Src/main.o
                0x0000000008003bac                HAL_GPIO_EXTI_Callback
 *fill*         0x0000000008003bc2        0x2 
 .text.Error_Handler
                0x0000000008003bc4       0x34 ./Core/Src/main.o
                0x0000000008003bc4                Error_Handler
 .text._ZSt3powIfiEN9__gnu_cxx11__promote_2IT_T0_NS0_9__promoteIS2_XsrSt12__is_integerIS2_E7__valueEE6__typeENS4_IS3_XsrS5_IS3_E7__valueEE6__typeEE6__typeES2_S3_
                0x0000000008003bf8       0x38 ./Core/Src/main.o
                0x0000000008003bf8                __gnu_cxx::__promote_2<float, int, __gnu_cxx::__promote<float, std::__is_integer<float>::__value>::__type, __gnu_cxx::__promote<int, std::__is_integer<int>::__value>::__type>::__type std::pow<float, int>(float, int)
 .text._Z41__static_initialization_and_destruction_0ii
                0x0000000008003c30      0x28c ./Core/Src/main.o
 .text._GLOBAL__sub_I_TIM_MS
                0x0000000008003ebc       0x10 ./Core/Src/main.o
 .text._GLOBAL__sub_D_TIM_MS
                0x0000000008003ecc       0x10 ./Core/Src/main.o
 .text.MX_SPI3_Init
                0x0000000008003edc       0xac ./Core/Src/spi.o
                0x0000000008003edc                MX_SPI3_Init
 .text.HAL_SPI_MspInit
                0x0000000008003f88       0xcc ./Core/Src/spi.o
                0x0000000008003f88                HAL_SPI_MspInit
 .text.HAL_MspInit
                0x0000000008004054       0x34 ./Core/Src/stm32h7xx_hal_msp.o
                0x0000000008004054                HAL_MspInit
 .text.NMI_Handler
                0x0000000008004088        0x6 ./Core/Src/stm32h7xx_it.o
                0x0000000008004088                NMI_Handler
 .text.HardFault_Handler
                0x000000000800408e        0x6 ./Core/Src/stm32h7xx_it.o
                0x000000000800408e                HardFault_Handler
 .text.MemManage_Handler
                0x0000000008004094        0x6 ./Core/Src/stm32h7xx_it.o
                0x0000000008004094                MemManage_Handler
 .text.BusFault_Handler
                0x000000000800409a        0x6 ./Core/Src/stm32h7xx_it.o
                0x000000000800409a                BusFault_Handler
 .text.UsageFault_Handler
                0x00000000080040a0        0x6 ./Core/Src/stm32h7xx_it.o
                0x00000000080040a0                UsageFault_Handler
 .text.SVC_Handler
                0x00000000080040a6        0xe ./Core/Src/stm32h7xx_it.o
                0x00000000080040a6                SVC_Handler
 .text.DebugMon_Handler
                0x00000000080040b4        0xe ./Core/Src/stm32h7xx_it.o
                0x00000000080040b4                DebugMon_Handler
 .text.PendSV_Handler
                0x00000000080040c2        0xe ./Core/Src/stm32h7xx_it.o
                0x00000000080040c2                PendSV_Handler
 .text.SysTick_Handler
                0x00000000080040d0       0x10 ./Core/Src/stm32h7xx_it.o
                0x00000000080040d0                SysTick_Handler
 .text.DMA1_Stream0_IRQHandler
                0x00000000080040e0       0x14 ./Core/Src/stm32h7xx_it.o
                0x00000000080040e0                DMA1_Stream0_IRQHandler
 .text.DMA1_Stream1_IRQHandler
                0x00000000080040f4       0x14 ./Core/Src/stm32h7xx_it.o
                0x00000000080040f4                DMA1_Stream1_IRQHandler
 .text.DMA1_Stream2_IRQHandler
                0x0000000008004108       0x14 ./Core/Src/stm32h7xx_it.o
                0x0000000008004108                DMA1_Stream2_IRQHandler
 .text.DMA1_Stream3_IRQHandler
                0x000000000800411c       0x14 ./Core/Src/stm32h7xx_it.o
                0x000000000800411c                DMA1_Stream3_IRQHandler
 .text.DMA1_Stream4_IRQHandler
                0x0000000008004130       0x14 ./Core/Src/stm32h7xx_it.o
                0x0000000008004130                DMA1_Stream4_IRQHandler
 .text.EXTI9_5_IRQHandler
                0x0000000008004144       0x14 ./Core/Src/stm32h7xx_it.o
                0x0000000008004144                EXTI9_5_IRQHandler
 .text.USART3_IRQHandler
                0x0000000008004158       0x14 ./Core/Src/stm32h7xx_it.o
                0x0000000008004158                USART3_IRQHandler
 .text.EXTI15_10_IRQHandler
                0x000000000800416c       0x28 ./Core/Src/stm32h7xx_it.o
                0x000000000800416c                EXTI15_10_IRQHandler
 .text.TIM8_BRK_TIM12_IRQHandler
                0x0000000008004194       0x14 ./Core/Src/stm32h7xx_it.o
                0x0000000008004194                TIM8_BRK_TIM12_IRQHandler
 .text.TIM8_UP_TIM13_IRQHandler
                0x00000000080041a8       0x14 ./Core/Src/stm32h7xx_it.o
                0x00000000080041a8                TIM8_UP_TIM13_IRQHandler
 .text.TIM8_TRG_COM_TIM14_IRQHandler
                0x00000000080041bc       0x14 ./Core/Src/stm32h7xx_it.o
                0x00000000080041bc                TIM8_TRG_COM_TIM14_IRQHandler
 .text.TIM5_IRQHandler
                0x00000000080041d0       0x14 ./Core/Src/stm32h7xx_it.o
                0x00000000080041d0                TIM5_IRQHandler
 .text.UART4_IRQHandler
                0x00000000080041e4       0x14 ./Core/Src/stm32h7xx_it.o
                0x00000000080041e4                UART4_IRQHandler
 .text.TIM6_DAC_IRQHandler
                0x00000000080041f8       0x14 ./Core/Src/stm32h7xx_it.o
                0x00000000080041f8                TIM6_DAC_IRQHandler
 .text.TIM7_IRQHandler
                0x000000000800420c       0x14 ./Core/Src/stm32h7xx_it.o
                0x000000000800420c                TIM7_IRQHandler
 .text.UART7_IRQHandler
                0x0000000008004220       0x14 ./Core/Src/stm32h7xx_it.o
                0x0000000008004220                UART7_IRQHandler
 .text._getpid  0x0000000008004234       0x10 ./Core/Src/syscalls.o
                0x0000000008004234                _getpid
 .text._kill    0x0000000008004244       0x20 ./Core/Src/syscalls.o
                0x0000000008004244                _kill
 .text._exit    0x0000000008004264       0x14 ./Core/Src/syscalls.o
                0x0000000008004264                _exit
 .text._read    0x0000000008004278       0x3a ./Core/Src/syscalls.o
                0x0000000008004278                _read
 .text._write   0x00000000080042b2       0x38 ./Core/Src/syscalls.o
                0x00000000080042b2                _write
 .text._close   0x00000000080042ea       0x18 ./Core/Src/syscalls.o
                0x00000000080042ea                _close
 .text._fstat   0x0000000008004302       0x20 ./Core/Src/syscalls.o
                0x0000000008004302                _fstat
 .text._isatty  0x0000000008004322       0x16 ./Core/Src/syscalls.o
                0x0000000008004322                _isatty
 .text._lseek   0x0000000008004338       0x1a ./Core/Src/syscalls.o
                0x0000000008004338                _lseek
 *fill*         0x0000000008004352        0x2 
 .text._sbrk    0x0000000008004354       0x6c ./Core/Src/sysmem.o
                0x0000000008004354                _sbrk
 .text.SystemInit
                0x00000000080043c0      0x118 ./Core/Src/system_stm32h7xx.o
                0x00000000080043c0                SystemInit
 .text.MX_TIM1_Init
                0x00000000080044d8      0x15c ./Core/Src/tim.o
                0x00000000080044d8                MX_TIM1_Init
 .text.MX_TIM2_Init
                0x0000000008004634       0xf0 ./Core/Src/tim.o
                0x0000000008004634                MX_TIM2_Init
 .text.MX_TIM3_Init
                0x0000000008004724       0xf0 ./Core/Src/tim.o
                0x0000000008004724                MX_TIM3_Init
 .text.MX_TIM4_Init
                0x0000000008004814       0xf0 ./Core/Src/tim.o
                0x0000000008004814                MX_TIM4_Init
 .text.MX_TIM5_Init
                0x0000000008004904       0x9c ./Core/Src/tim.o
                0x0000000008004904                MX_TIM5_Init
 .text.MX_TIM6_Init
                0x00000000080049a0       0x6c ./Core/Src/tim.o
                0x00000000080049a0                MX_TIM6_Init
 .text.MX_TIM7_Init
                0x0000000008004a0c       0x6c ./Core/Src/tim.o
                0x0000000008004a0c                MX_TIM7_Init
 .text.MX_TIM12_Init
                0x0000000008004a78       0x74 ./Core/Src/tim.o
                0x0000000008004a78                MX_TIM12_Init
 .text.MX_TIM13_Init
                0x0000000008004aec       0x48 ./Core/Src/tim.o
                0x0000000008004aec                MX_TIM13_Init
 .text.MX_TIM14_Init
                0x0000000008004b34       0x48 ./Core/Src/tim.o
                0x0000000008004b34                MX_TIM14_Init
 .text.MX_TIM15_Init
                0x0000000008004b7c      0x148 ./Core/Src/tim.o
                0x0000000008004b7c                MX_TIM15_Init
 .text.HAL_TIM_Base_MspInit
                0x0000000008004cc4      0x268 ./Core/Src/tim.o
                0x0000000008004cc4                HAL_TIM_Base_MspInit
 .text.HAL_TIM_MspPostInit
                0x0000000008004f2c      0x1b8 ./Core/Src/tim.o
                0x0000000008004f2c                HAL_TIM_MspPostInit
 .text.MX_UART4_Init
                0x00000000080050e4       0xa8 ./Core/Src/usart.o
                0x00000000080050e4                MX_UART4_Init
 .text.MX_UART7_Init
                0x000000000800518c       0x9c ./Core/Src/usart.o
                0x000000000800518c                MX_UART7_Init
 .text.MX_USART3_UART_Init
                0x0000000008005228       0x98 ./Core/Src/usart.o
                0x0000000008005228                MX_USART3_UART_Init
 .text.HAL_UART_MspInit
                0x00000000080052c0      0x46c ./Core/Src/usart.o
                0x00000000080052c0                HAL_UART_MspInit
 .text.Reset_Handler
                0x000000000800572c       0x50 ./Core/Startup/startup_stm32h743zitx.o
                0x000000000800572c                Reset_Handler
 .text.Default_Handler
                0x000000000800577c        0x2 ./Core/Startup/startup_stm32h743zitx.o
                0x000000000800577c                RTC_Alarm_IRQHandler
                0x000000000800577c                EXTI2_IRQHandler
                0x000000000800577c                TIM8_CC_IRQHandler
                0x000000000800577c                HRTIM1_Master_IRQHandler
                0x000000000800577c                UART8_IRQHandler
                0x000000000800577c                SPI4_IRQHandler
                0x000000000800577c                TIM1_CC_IRQHandler
                0x000000000800577c                BDMA_Channel6_IRQHandler
                0x000000000800577c                DMA2_Stream5_IRQHandler
                0x000000000800577c                HRTIM1_FLT_IRQHandler
                0x000000000800577c                JPEG_IRQHandler
                0x000000000800577c                DMA1_Stream5_IRQHandler
                0x000000000800577c                BDMA_Channel1_IRQHandler
                0x000000000800577c                HRTIM1_TIMD_IRQHandler
                0x000000000800577c                TAMP_STAMP_IRQHandler
                0x000000000800577c                EXTI3_IRQHandler
                0x000000000800577c                LPTIM4_IRQHandler
                0x000000000800577c                LPTIM2_IRQHandler
                0x000000000800577c                DFSDM1_FLT1_IRQHandler
                0x000000000800577c                DMAMUX2_OVR_IRQHandler
                0x000000000800577c                I2C3_ER_IRQHandler
                0x000000000800577c                DFSDM1_FLT2_IRQHandler
                0x000000000800577c                MDMA_IRQHandler
                0x000000000800577c                LPTIM3_IRQHandler
                0x000000000800577c                HSEM1_IRQHandler
                0x000000000800577c                EXTI0_IRQHandler
                0x000000000800577c                I2C2_EV_IRQHandler
                0x000000000800577c                FPU_IRQHandler
                0x000000000800577c                OTG_HS_WKUP_IRQHandler
                0x000000000800577c                FDCAN1_IT1_IRQHandler
                0x000000000800577c                LTDC_ER_IRQHandler
                0x000000000800577c                DMA2_Stream2_IRQHandler
                0x000000000800577c                HRTIM1_TIME_IRQHandler
                0x000000000800577c                SPI1_IRQHandler
                0x000000000800577c                DCMI_IRQHandler
                0x000000000800577c                HRTIM1_TIMC_IRQHandler
                0x000000000800577c                DMA2_Stream3_IRQHandler
                0x000000000800577c                SAI2_IRQHandler
                0x000000000800577c                DFSDM1_FLT3_IRQHandler
                0x000000000800577c                USART6_IRQHandler
                0x000000000800577c                TIM17_IRQHandler
                0x000000000800577c                BDMA_Channel7_IRQHandler
                0x000000000800577c                LPTIM5_IRQHandler
                0x000000000800577c                UART5_IRQHandler
                0x000000000800577c                ADC3_IRQHandler
                0x000000000800577c                DMA2_Stream0_IRQHandler
                0x000000000800577c                TIM4_IRQHandler
                0x000000000800577c                BDMA_Channel2_IRQHandler
                0x000000000800577c                QUADSPI_IRQHandler
                0x000000000800577c                I2C1_EV_IRQHandler
                0x000000000800577c                DMA1_Stream6_IRQHandler
                0x000000000800577c                DMAMUX1_OVR_IRQHandler
                0x000000000800577c                TIM16_IRQHandler
                0x000000000800577c                BDMA_Channel5_IRQHandler
                0x000000000800577c                TIM3_IRQHandler
                0x000000000800577c                RCC_IRQHandler
                0x000000000800577c                TIM1_TRG_COM_IRQHandler
                0x000000000800577c                Default_Handler
                0x000000000800577c                ECC_IRQHandler
                0x000000000800577c                CEC_IRQHandler
                0x000000000800577c                BDMA_Channel0_IRQHandler
                0x000000000800577c                ADC_IRQHandler
                0x000000000800577c                DMA1_Stream7_IRQHandler
                0x000000000800577c                HRTIM1_TIMA_IRQHandler
                0x000000000800577c                SPI5_IRQHandler
                0x000000000800577c                SDMMC1_IRQHandler
                0x000000000800577c                DMA2_Stream7_IRQHandler
                0x000000000800577c                TIM15_IRQHandler
                0x000000000800577c                PVD_AVD_IRQHandler
                0x000000000800577c                I2C3_EV_IRQHandler
                0x000000000800577c                RTC_WKUP_IRQHandler
                0x000000000800577c                LTDC_IRQHandler
                0x000000000800577c                SAI3_IRQHandler
                0x000000000800577c                ETH_WKUP_IRQHandler
                0x000000000800577c                SPDIF_RX_IRQHandler
                0x000000000800577c                SPI2_IRQHandler
                0x000000000800577c                OTG_HS_EP1_IN_IRQHandler
                0x000000000800577c                CRS_IRQHandler
                0x000000000800577c                EXTI4_IRQHandler
                0x000000000800577c                RNG_IRQHandler
                0x000000000800577c                HRTIM1_TIMB_IRQHandler
                0x000000000800577c                FDCAN2_IT1_IRQHandler
                0x000000000800577c                ETH_IRQHandler
                0x000000000800577c                TIM1_UP_IRQHandler
                0x000000000800577c                BDMA_Channel4_IRQHandler
                0x000000000800577c                OTG_HS_EP1_OUT_IRQHandler
                0x000000000800577c                WWDG_IRQHandler
                0x000000000800577c                SPI6_IRQHandler
                0x000000000800577c                MDIOS_IRQHandler
                0x000000000800577c                I2C4_EV_IRQHandler
                0x000000000800577c                FDCAN2_IT0_IRQHandler
                0x000000000800577c                LPUART1_IRQHandler
                0x000000000800577c                FDCAN1_IT0_IRQHandler
                0x000000000800577c                TIM2_IRQHandler
                0x000000000800577c                OTG_FS_WKUP_IRQHandler
                0x000000000800577c                OTG_HS_IRQHandler
                0x000000000800577c                DMA2D_IRQHandler
                0x000000000800577c                TIM1_BRK_IRQHandler
                0x000000000800577c                EXTI1_IRQHandler
                0x000000000800577c                SDMMC2_IRQHandler
                0x000000000800577c                OTG_FS_EP1_OUT_IRQHandler
                0x000000000800577c                BDMA_Channel3_IRQHandler
                0x000000000800577c                MDIOS_WKUP_IRQHandler
                0x000000000800577c                USART2_IRQHandler
                0x000000000800577c                DFSDM1_FLT0_IRQHandler
                0x000000000800577c                SAI4_IRQHandler
                0x000000000800577c                I2C2_ER_IRQHandler
                0x000000000800577c                DMA2_Stream1_IRQHandler
                0x000000000800577c                FLASH_IRQHandler
                0x000000000800577c                DMA2_Stream4_IRQHandler
                0x000000000800577c                USART1_IRQHandler
                0x000000000800577c                OTG_FS_IRQHandler
                0x000000000800577c                SPI3_IRQHandler
                0x000000000800577c                WAKEUP_PIN_IRQHandler
                0x000000000800577c                OTG_FS_EP1_IN_IRQHandler
                0x000000000800577c                I2C1_ER_IRQHandler
                0x000000000800577c                FMC_IRQHandler
                0x000000000800577c                FDCAN_CAL_IRQHandler
                0x000000000800577c                SWPMI1_IRQHandler
                0x000000000800577c                COMP1_IRQHandler
                0x000000000800577c                LPTIM1_IRQHandler
                0x000000000800577c                I2C4_ER_IRQHandler
                0x000000000800577c                DMA2_Stream6_IRQHandler
                0x000000000800577c                SAI1_IRQHandler
 *fill*         0x000000000800577e        0x2 
 .text.HAL_Init
                0x0000000008005780       0x78 ./Drivers/STM32H7xx_HAL_Driver/Src/stm32h7xx_hal.o
                0x0000000008005780                HAL_Init
 .text.HAL_InitTick
                0x00000000080057f8       0x6c ./Drivers/STM32H7xx_HAL_Driver/Src/stm32h7xx_hal.o
                0x00000000080057f8                HAL_InitTick
 .text.HAL_IncTick
                0x0000000008005864       0x28 ./Drivers/STM32H7xx_HAL_Driver/Src/stm32h7xx_hal.o
                0x0000000008005864                HAL_IncTick
 .text.HAL_GetTick
                0x000000000800588c       0x18 ./Drivers/STM32H7xx_HAL_Driver/Src/stm32h7xx_hal.o
                0x000000000800588c                HAL_GetTick
 .text.HAL_GetREVID
                0x00000000080058a4       0x18 ./Drivers/STM32H7xx_HAL_Driver/Src/stm32h7xx_hal.o
                0x00000000080058a4                HAL_GetREVID
 .text.__NVIC_SetPriorityGrouping
                0x00000000080058bc       0x48 ./Drivers/STM32H7xx_HAL_Driver/Src/stm32h7xx_hal_cortex.o
 .text.__NVIC_GetPriorityGrouping
                0x0000000008005904       0x1c ./Drivers/STM32H7xx_HAL_Driver/Src/stm32h7xx_hal_cortex.o
 .text.__NVIC_EnableIRQ
                0x0000000008005920       0x3c ./Drivers/STM32H7xx_HAL_Driver/Src/stm32h7xx_hal_cortex.o
 .text.__NVIC_SetPriority
                0x000000000800595c       0x54 ./Drivers/STM32H7xx_HAL_Driver/Src/stm32h7xx_hal_cortex.o
 .text.NVIC_EncodePriority
                0x00000000080059b0       0x66 ./Drivers/STM32H7xx_HAL_Driver/Src/stm32h7xx_hal_cortex.o
 *fill*         0x0000000008005a16        0x2 
 .text.SysTick_Config
                0x0000000008005a18       0x44 ./Drivers/STM32H7xx_HAL_Driver/Src/stm32h7xx_hal_cortex.o
 .text.HAL_NVIC_SetPriorityGrouping
                0x0000000008005a5c       0x16 ./Drivers/STM32H7xx_HAL_Driver/Src/stm32h7xx_hal_cortex.o
                0x0000000008005a5c                HAL_NVIC_SetPriorityGrouping
 .text.HAL_NVIC_SetPriority
                0x0000000008005a72       0x34 ./Drivers/STM32H7xx_HAL_Driver/Src/stm32h7xx_hal_cortex.o
                0x0000000008005a72                HAL_NVIC_SetPriority
 .text.HAL_NVIC_EnableIRQ
                0x0000000008005aa6       0x1c ./Drivers/STM32H7xx_HAL_Driver/Src/stm32h7xx_hal_cortex.o
                0x0000000008005aa6                HAL_NVIC_EnableIRQ
 .text.HAL_SYSTICK_Config
                0x0000000008005ac2       0x18 ./Drivers/STM32H7xx_HAL_Driver/Src/stm32h7xx_hal_cortex.o
                0x0000000008005ac2                HAL_SYSTICK_Config
 .text.HAL_SYSTICK_IRQHandler
                0x0000000008005ada        0xc ./Drivers/STM32H7xx_HAL_Driver/Src/stm32h7xx_hal_cortex.o
                0x0000000008005ada                HAL_SYSTICK_IRQHandler
 .text.HAL_SYSTICK_Callback
                0x0000000008005ae6        0xe ./Drivers/STM32H7xx_HAL_Driver/Src/stm32h7xx_hal_cortex.o
                0x0000000008005ae6                HAL_SYSTICK_Callback
 .text.HAL_CRC_Init
                0x0000000008005af4       0xc8 ./Drivers/STM32H7xx_HAL_Driver/Src/stm32h7xx_hal_crc.o
                0x0000000008005af4                HAL_CRC_Init
 .text.HAL_CRC_Calculate
                0x0000000008005bbc       0x98 ./Drivers/STM32H7xx_HAL_Driver/Src/stm32h7xx_hal_crc.o
                0x0000000008005bbc                HAL_CRC_Calculate
 .text.CRC_Handle_8
                0x0000000008005c54      0x11c ./Drivers/STM32H7xx_HAL_Driver/Src/stm32h7xx_hal_crc.o
 .text.CRC_Handle_16
                0x0000000008005d70       0x74 ./Drivers/STM32H7xx_HAL_Driver/Src/stm32h7xx_hal_crc.o
 .text.HAL_CRCEx_Polynomial_Set
                0x0000000008005de4      0x10c ./Drivers/STM32H7xx_HAL_Driver/Src/stm32h7xx_hal_crc_ex.o
                0x0000000008005de4                HAL_CRCEx_Polynomial_Set
 .text.HAL_DMA_Init
                0x0000000008005ef0      0x6b8 ./Drivers/STM32H7xx_HAL_Driver/Src/stm32h7xx_hal_dma.o
                0x0000000008005ef0                HAL_DMA_Init
 .text.HAL_DMA_Start_IT
                0x00000000080065a8      0x4d4 ./Drivers/STM32H7xx_HAL_Driver/Src/stm32h7xx_hal_dma.o
                0x00000000080065a8                HAL_DMA_Start_IT
 .text.HAL_DMA_Abort
                0x0000000008006a7c      0x63c ./Drivers/STM32H7xx_HAL_Driver/Src/stm32h7xx_hal_dma.o
                0x0000000008006a7c                HAL_DMA_Abort
 .text.HAL_DMA_Abort_IT
                0x00000000080070b8      0x488 ./Drivers/STM32H7xx_HAL_Driver/Src/stm32h7xx_hal_dma.o
                0x00000000080070b8                HAL_DMA_Abort_IT
 .text.HAL_DMA_IRQHandler
                0x0000000008007540      0xe54 ./Drivers/STM32H7xx_HAL_Driver/Src/stm32h7xx_hal_dma.o
                0x0000000008007540                HAL_DMA_IRQHandler
 .text.DMA_SetConfig
                0x0000000008008394      0x358 ./Drivers/STM32H7xx_HAL_Driver/Src/stm32h7xx_hal_dma.o
 .text.DMA_CalcBaseAndBitshift
                0x00000000080086ec      0x164 ./Drivers/STM32H7xx_HAL_Driver/Src/stm32h7xx_hal_dma.o
 .text.DMA_CheckFifoParam
                0x0000000008008850       0xf8 ./Drivers/STM32H7xx_HAL_Driver/Src/stm32h7xx_hal_dma.o
 .text.DMA_CalcDMAMUXChannelBaseAndMask
                0x0000000008008948      0x134 ./Drivers/STM32H7xx_HAL_Driver/Src/stm32h7xx_hal_dma.o
 .text.DMA_CalcDMAMUXRequestGenBaseAndMask
                0x0000000008008a7c       0xe8 ./Drivers/STM32H7xx_HAL_Driver/Src/stm32h7xx_hal_dma.o
 .text.HAL_GPIO_Init
                0x0000000008008b64      0x360 ./Drivers/STM32H7xx_HAL_Driver/Src/stm32h7xx_hal_gpio.o
                0x0000000008008b64                HAL_GPIO_Init
 .text.HAL_GPIO_WritePin
                0x0000000008008ec4       0x32 ./Drivers/STM32H7xx_HAL_Driver/Src/stm32h7xx_hal_gpio.o
                0x0000000008008ec4                HAL_GPIO_WritePin
 .text.HAL_GPIO_EXTI_IRQHandler
                0x0000000008008ef6       0x34 ./Drivers/STM32H7xx_HAL_Driver/Src/stm32h7xx_hal_gpio.o
                0x0000000008008ef6                HAL_GPIO_EXTI_IRQHandler
 *fill*         0x0000000008008f2a        0x2 
 .text.HAL_PWREx_ConfigSupply
                0x0000000008008f2c       0x74 ./Drivers/STM32H7xx_HAL_Driver/Src/stm32h7xx_hal_pwr_ex.o
                0x0000000008008f2c                HAL_PWREx_ConfigSupply
 .text.HAL_RCC_OscConfig
                0x0000000008008fa0      0x858 ./Drivers/STM32H7xx_HAL_Driver/Src/stm32h7xx_hal_rcc.o
                0x0000000008008fa0                HAL_RCC_OscConfig
 .text.HAL_RCC_ClockConfig
                0x00000000080097f8      0x36c ./Drivers/STM32H7xx_HAL_Driver/Src/stm32h7xx_hal_rcc.o
                0x00000000080097f8                HAL_RCC_ClockConfig
 .text.HAL_RCC_GetSysClockFreq
                0x0000000008009b64      0x2f4 ./Drivers/STM32H7xx_HAL_Driver/Src/stm32h7xx_hal_rcc.o
                0x0000000008009b64                HAL_RCC_GetSysClockFreq
 .text.HAL_RCC_GetHCLKFreq
                0x0000000008009e58       0x60 ./Drivers/STM32H7xx_HAL_Driver/Src/stm32h7xx_hal_rcc.o
                0x0000000008009e58                HAL_RCC_GetHCLKFreq
 .text.HAL_RCC_GetPCLK1Freq
                0x0000000008009eb8       0x2c ./Drivers/STM32H7xx_HAL_Driver/Src/stm32h7xx_hal_rcc.o
                0x0000000008009eb8                HAL_RCC_GetPCLK1Freq
 .text.HAL_RCC_GetPCLK2Freq
                0x0000000008009ee4       0x2c ./Drivers/STM32H7xx_HAL_Driver/Src/stm32h7xx_hal_rcc.o
                0x0000000008009ee4                HAL_RCC_GetPCLK2Freq
 .text.HAL_RCCEx_PeriphCLKConfig
                0x0000000008009f10      0xe80 ./Drivers/STM32H7xx_HAL_Driver/Src/stm32h7xx_hal_rcc_ex.o
                0x0000000008009f10                HAL_RCCEx_PeriphCLKConfig
 .text.HAL_RCCEx_GetD3PCLK1Freq
                0x000000000800ad90       0x2c ./Drivers/STM32H7xx_HAL_Driver/Src/stm32h7xx_hal_rcc_ex.o
                0x000000000800ad90                HAL_RCCEx_GetD3PCLK1Freq
 .text.HAL_RCCEx_GetPLL2ClockFreq
                0x000000000800adbc      0x2a8 ./Drivers/STM32H7xx_HAL_Driver/Src/stm32h7xx_hal_rcc_ex.o
                0x000000000800adbc                HAL_RCCEx_GetPLL2ClockFreq
 .text.HAL_RCCEx_GetPLL3ClockFreq
                0x000000000800b064      0x2a8 ./Drivers/STM32H7xx_HAL_Driver/Src/stm32h7xx_hal_rcc_ex.o
                0x000000000800b064                HAL_RCCEx_GetPLL3ClockFreq
 .text.RCCEx_PLL2_Config
                0x000000000800b30c      0x164 ./Drivers/STM32H7xx_HAL_Driver/Src/stm32h7xx_hal_rcc_ex.o
 .text.RCCEx_PLL3_Config
                0x000000000800b470      0x164 ./Drivers/STM32H7xx_HAL_Driver/Src/stm32h7xx_hal_rcc_ex.o
 .text.HAL_SPI_Init
                0x000000000800b5d4      0x20c ./Drivers/STM32H7xx_HAL_Driver/Src/stm32h7xx_hal_spi.o
                0x000000000800b5d4                HAL_SPI_Init
 .text.SPI_GetPacketSize
                0x000000000800b7e0       0x36 ./Drivers/STM32H7xx_HAL_Driver/Src/stm32h7xx_hal_spi.o
 .text.HAL_TIM_Base_Init
                0x000000000800b816       0xae ./Drivers/STM32H7xx_HAL_Driver/Src/stm32h7xx_hal_tim.o
                0x000000000800b816                HAL_TIM_Base_Init
 .text.HAL_TIM_Base_Start_IT
                0x000000000800b8c4       0xf0 ./Drivers/STM32H7xx_HAL_Driver/Src/stm32h7xx_hal_tim.o
                0x000000000800b8c4                HAL_TIM_Base_Start_IT
 .text.HAL_TIM_PWM_Init
                0x000000000800b9b4       0xae ./Drivers/STM32H7xx_HAL_Driver/Src/stm32h7xx_hal_tim.o
                0x000000000800b9b4                HAL_TIM_PWM_Init
 .text.HAL_TIM_PWM_MspInit
                0x000000000800ba62       0x14 ./Drivers/STM32H7xx_HAL_Driver/Src/stm32h7xx_hal_tim.o
                0x000000000800ba62                HAL_TIM_PWM_MspInit
 *fill*         0x000000000800ba76        0x2 
 .text.HAL_TIM_PWM_Start
                0x000000000800ba78      0x21c ./Drivers/STM32H7xx_HAL_Driver/Src/stm32h7xx_hal_tim.o
                0x000000000800ba78                HAL_TIM_PWM_Start
 .text.HAL_TIM_IRQHandler
                0x000000000800bc94      0x23e ./Drivers/STM32H7xx_HAL_Driver/Src/stm32h7xx_hal_tim.o
                0x000000000800bc94                HAL_TIM_IRQHandler
 *fill*         0x000000000800bed2        0x2 
 .text.HAL_TIM_PWM_ConfigChannel
                0x000000000800bed4      0x228 ./Drivers/STM32H7xx_HAL_Driver/Src/stm32h7xx_hal_tim.o
                0x000000000800bed4                HAL_TIM_PWM_ConfigChannel
 .text.HAL_TIM_ConfigClockSource
                0x000000000800c0fc      0x1f0 ./Drivers/STM32H7xx_HAL_Driver/Src/stm32h7xx_hal_tim.o
                0x000000000800c0fc                HAL_TIM_ConfigClockSource
 .text.HAL_TIM_OC_DelayElapsedCallback
                0x000000000800c2ec       0x14 ./Drivers/STM32H7xx_HAL_Driver/Src/stm32h7xx_hal_tim.o
                0x000000000800c2ec                HAL_TIM_OC_DelayElapsedCallback
 .text.HAL_TIM_IC_CaptureCallback
                0x000000000800c300       0x14 ./Drivers/STM32H7xx_HAL_Driver/Src/stm32h7xx_hal_tim.o
                0x000000000800c300                HAL_TIM_IC_CaptureCallback
 .text.HAL_TIM_PWM_PulseFinishedCallback
                0x000000000800c314       0x14 ./Drivers/STM32H7xx_HAL_Driver/Src/stm32h7xx_hal_tim.o
                0x000000000800c314                HAL_TIM_PWM_PulseFinishedCallback
 .text.HAL_TIM_TriggerCallback
                0x000000000800c328       0x14 ./Drivers/STM32H7xx_HAL_Driver/Src/stm32h7xx_hal_tim.o
                0x000000000800c328                HAL_TIM_TriggerCallback
 .text.TIM_Base_SetConfig
                0x000000000800c33c      0x134 ./Drivers/STM32H7xx_HAL_Driver/Src/stm32h7xx_hal_tim.o
                0x000000000800c33c                TIM_Base_SetConfig
 .text.TIM_OC1_SetConfig
                0x000000000800c470      0x120 ./Drivers/STM32H7xx_HAL_Driver/Src/stm32h7xx_hal_tim.o
 .text.TIM_OC2_SetConfig
                0x000000000800c590      0x114 ./Drivers/STM32H7xx_HAL_Driver/Src/stm32h7xx_hal_tim.o
                0x000000000800c590                TIM_OC2_SetConfig
 .text.TIM_OC3_SetConfig
                0x000000000800c6a4      0x110 ./Drivers/STM32H7xx_HAL_Driver/Src/stm32h7xx_hal_tim.o
 .text.TIM_OC4_SetConfig
                0x000000000800c7b4       0xd4 ./Drivers/STM32H7xx_HAL_Driver/Src/stm32h7xx_hal_tim.o
 .text.TIM_OC5_SetConfig
                0x000000000800c888       0xc8 ./Drivers/STM32H7xx_HAL_Driver/Src/stm32h7xx_hal_tim.o
 .text.TIM_OC6_SetConfig
                0x000000000800c950       0xcc ./Drivers/STM32H7xx_HAL_Driver/Src/stm32h7xx_hal_tim.o
 .text.TIM_TI1_ConfigInputStage
                0x000000000800ca1c       0x5e ./Drivers/STM32H7xx_HAL_Driver/Src/stm32h7xx_hal_tim.o
 .text.TIM_TI2_ConfigInputStage
                0x000000000800ca7a       0x60 ./Drivers/STM32H7xx_HAL_Driver/Src/stm32h7xx_hal_tim.o
 *fill*         0x000000000800cada        0x2 
 .text.TIM_ITRx_SetConfig
                0x000000000800cadc       0x3c ./Drivers/STM32H7xx_HAL_Driver/Src/stm32h7xx_hal_tim.o
 .text.TIM_ETR_SetConfig
                0x000000000800cb18       0x40 ./Drivers/STM32H7xx_HAL_Driver/Src/stm32h7xx_hal_tim.o
                0x000000000800cb18                TIM_ETR_SetConfig
 .text.TIM_CCxChannelCmd
                0x000000000800cb58       0x4a ./Drivers/STM32H7xx_HAL_Driver/Src/stm32h7xx_hal_tim.o
                0x000000000800cb58                TIM_CCxChannelCmd
 *fill*         0x000000000800cba2        0x2 
 .text.HAL_TIMEx_MasterConfigSynchronization
                0x000000000800cba4      0x11c ./Drivers/STM32H7xx_HAL_Driver/Src/stm32h7xx_hal_tim_ex.o
                0x000000000800cba4                HAL_TIMEx_MasterConfigSynchronization
 .text.HAL_TIMEx_ConfigBreakDeadTime
                0x000000000800ccc0       0xfc ./Drivers/STM32H7xx_HAL_Driver/Src/stm32h7xx_hal_tim_ex.o
                0x000000000800ccc0                HAL_TIMEx_ConfigBreakDeadTime
 .text.HAL_TIMEx_CommutCallback
                0x000000000800cdbc       0x14 ./Drivers/STM32H7xx_HAL_Driver/Src/stm32h7xx_hal_tim_ex.o
                0x000000000800cdbc                HAL_TIMEx_CommutCallback
 .text.HAL_TIMEx_BreakCallback
                0x000000000800cdd0       0x14 ./Drivers/STM32H7xx_HAL_Driver/Src/stm32h7xx_hal_tim_ex.o
                0x000000000800cdd0                HAL_TIMEx_BreakCallback
 .text.HAL_TIMEx_Break2Callback
                0x000000000800cde4       0x14 ./Drivers/STM32H7xx_HAL_Driver/Src/stm32h7xx_hal_tim_ex.o
                0x000000000800cde4                HAL_TIMEx_Break2Callback
 .text.HAL_UART_Init
                0x000000000800cdf8       0xa0 ./Drivers/STM32H7xx_HAL_Driver/Src/stm32h7xx_hal_uart.o
                0x000000000800cdf8                HAL_UART_Init
 .text.HAL_UART_Transmit
                0x000000000800ce98      0x12c ./Drivers/STM32H7xx_HAL_Driver/Src/stm32h7xx_hal_uart.o
                0x000000000800ce98                HAL_UART_Transmit
 .text.HAL_UART_Receive
                0x000000000800cfc4      0x1a6 ./Drivers/STM32H7xx_HAL_Driver/Src/stm32h7xx_hal_uart.o
                0x000000000800cfc4                HAL_UART_Receive
 *fill*         0x000000000800d16a        0x2 
 .text.HAL_UART_Transmit_DMA
                0x000000000800d16c      0x124 ./Drivers/STM32H7xx_HAL_Driver/Src/stm32h7xx_hal_uart.o
                0x000000000800d16c                HAL_UART_Transmit_DMA
 .text.HAL_UART_IRQHandler
                0x000000000800d290      0x73c ./Drivers/STM32H7xx_HAL_Driver/Src/stm32h7xx_hal_uart.o
                0x000000000800d290                HAL_UART_IRQHandler
 .text.HAL_UART_TxCpltCallback
                0x000000000800d9cc       0x14 ./Drivers/STM32H7xx_HAL_Driver/Src/stm32h7xx_hal_uart.o
                0x000000000800d9cc                HAL_UART_TxCpltCallback
 .text.HAL_UART_TxHalfCpltCallback
                0x000000000800d9e0       0x14 ./Drivers/STM32H7xx_HAL_Driver/Src/stm32h7xx_hal_uart.o
                0x000000000800d9e0                HAL_UART_TxHalfCpltCallback
 .text.HAL_UART_RxHalfCpltCallback
                0x000000000800d9f4       0x14 ./Drivers/STM32H7xx_HAL_Driver/Src/stm32h7xx_hal_uart.o
                0x000000000800d9f4                HAL_UART_RxHalfCpltCallback
 .text.HAL_UART_ErrorCallback
                0x000000000800da08       0x14 ./Drivers/STM32H7xx_HAL_Driver/Src/stm32h7xx_hal_uart.o
                0x000000000800da08                HAL_UART_ErrorCallback
 .text.UART_SetConfig
                0x000000000800da1c      0xac0 ./Drivers/STM32H7xx_HAL_Driver/Src/stm32h7xx_hal_uart.o
                0x000000000800da1c                UART_SetConfig
 .text.UART_AdvFeatureConfig
                0x000000000800e4dc      0x144 ./Drivers/STM32H7xx_HAL_Driver/Src/stm32h7xx_hal_uart.o
                0x000000000800e4dc                UART_AdvFeatureConfig
 .text.UART_CheckIdleState
                0x000000000800e620       0x96 ./Drivers/STM32H7xx_HAL_Driver/Src/stm32h7xx_hal_uart.o
                0x000000000800e620                UART_CheckIdleState
 .text.UART_WaitOnFlagUntilTimeout
                0x000000000800e6b6      0x190 ./Drivers/STM32H7xx_HAL_Driver/Src/stm32h7xx_hal_uart.o
                0x000000000800e6b6                UART_WaitOnFlagUntilTimeout
 *fill*         0x000000000800e846        0x2 
 .text.UART_Start_Receive_DMA
                0x000000000800e848      0x150 ./Drivers/STM32H7xx_HAL_Driver/Src/stm32h7xx_hal_uart.o
                0x000000000800e848                UART_Start_Receive_DMA
 .text.UART_EndTxTransfer
                0x000000000800e998       0x82 ./Drivers/STM32H7xx_HAL_Driver/Src/stm32h7xx_hal_uart.o
 *fill*         0x000000000800ea1a        0x2 
 .text.UART_EndRxTransfer
                0x000000000800ea1c       0xcc ./Drivers/STM32H7xx_HAL_Driver/Src/stm32h7xx_hal_uart.o
 .text.UART_DMATransmitCplt
                0x000000000800eae8       0x96 ./Drivers/STM32H7xx_HAL_Driver/Src/stm32h7xx_hal_uart.o
 .text.UART_DMATxHalfCplt
                0x000000000800eb7e       0x1c ./Drivers/STM32H7xx_HAL_Driver/Src/stm32h7xx_hal_uart.o
 .text.UART_DMAReceiveCplt
                0x000000000800eb9a      0x122 ./Drivers/STM32H7xx_HAL_Driver/Src/stm32h7xx_hal_uart.o
 .text.UART_DMARxHalfCplt
                0x000000000800ecbc       0x38 ./Drivers/STM32H7xx_HAL_Driver/Src/stm32h7xx_hal_uart.o
 .text.UART_DMAError
                0x000000000800ecf4       0x80 ./Drivers/STM32H7xx_HAL_Driver/Src/stm32h7xx_hal_uart.o
 .text.UART_DMAAbortOnError
                0x000000000800ed74       0x2c ./Drivers/STM32H7xx_HAL_Driver/Src/stm32h7xx_hal_uart.o
 .text.UART_EndTransmit_IT
                0x000000000800eda0       0x56 ./Drivers/STM32H7xx_HAL_Driver/Src/stm32h7xx_hal_uart.o
 .text.HAL_UARTEx_WakeupCallback
                0x000000000800edf6       0x14 ./Drivers/STM32H7xx_HAL_Driver/Src/stm32h7xx_hal_uart_ex.o
                0x000000000800edf6                HAL_UARTEx_WakeupCallback
 .text.HAL_UARTEx_RxFifoFullCallback
                0x000000000800ee0a       0x14 ./Drivers/STM32H7xx_HAL_Driver/Src/stm32h7xx_hal_uart_ex.o
                0x000000000800ee0a                HAL_UARTEx_RxFifoFullCallback
 .text.HAL_UARTEx_TxFifoEmptyCallback
                0x000000000800ee1e       0x14 ./Drivers/STM32H7xx_HAL_Driver/Src/stm32h7xx_hal_uart_ex.o
                0x000000000800ee1e                HAL_UARTEx_TxFifoEmptyCallback
 .text.HAL_UARTEx_EnableFifoMode
                0x000000000800ee32       0x76 ./Drivers/STM32H7xx_HAL_Driver/Src/stm32h7xx_hal_uart_ex.o
                0x000000000800ee32                HAL_UARTEx_EnableFifoMode
 .text.HAL_UARTEx_DisableFifoMode
                0x000000000800eea8       0x72 ./Drivers/STM32H7xx_HAL_Driver/Src/stm32h7xx_hal_uart_ex.o
                0x000000000800eea8                HAL_UARTEx_DisableFifoMode
 .text.HAL_UARTEx_SetTxFifoThreshold
                0x000000000800ef1a       0x7c ./Drivers/STM32H7xx_HAL_Driver/Src/stm32h7xx_hal_uart_ex.o
                0x000000000800ef1a                HAL_UARTEx_SetTxFifoThreshold
 .text.HAL_UARTEx_SetRxFifoThreshold
                0x000000000800ef96       0x7c ./Drivers/STM32H7xx_HAL_Driver/Src/stm32h7xx_hal_uart_ex.o
                0x000000000800ef96                HAL_UARTEx_SetRxFifoThreshold
 .text.HAL_UARTEx_ReceiveToIdle_DMA
                0x000000000800f012       0xb8 ./Drivers/STM32H7xx_HAL_Driver/Src/stm32h7xx_hal_uart_ex.o
                0x000000000800f012                HAL_UARTEx_ReceiveToIdle_DMA
 *fill*         0x000000000800f0ca        0x2 
 .text.UARTEx_SetNbDataToProcess
                0x000000000800f0cc       0x9c ./Drivers/STM32H7xx_HAL_Driver/Src/stm32h7xx_hal_uart_ex.o
 .text.sinf_poly
                0x000000000800f168       0x54 c:/st/stm32cubeide_1.8.0/stm32cubeide/plugins/com.st.stm32cube.ide.mcu.externaltools.gnu-tools-for-stm32.9-2020-q2-update.win32_2.0.0.202105311346/tools/bin/../lib/gcc/arm-none-eabi/9.3.1/../../../../arm-none-eabi/lib/thumb/v7e-m+dp/hard\libm.a(lib_a-cosf.o)
 *fill*         0x000000000800f1bc        0x4 
 .text.cosf     0x000000000800f1c0      0x128 c:/st/stm32cubeide_1.8.0/stm32cubeide/plugins/com.st.stm32cube.ide.mcu.externaltools.gnu-tools-for-stm32.9-2020-q2-update.win32_2.0.0.202105311346/tools/bin/../lib/gcc/arm-none-eabi/9.3.1/../../../../arm-none-eabi/lib/thumb/v7e-m+dp/hard\libm.a(lib_a-cosf.o)
                0x000000000800f1c0                cosf
 .text.with_errnof
                0x000000000800f2e8       0x16 c:/st/stm32cubeide_1.8.0/stm32cubeide/plugins/com.st.stm32cube.ide.mcu.externaltools.gnu-tools-for-stm32.9-2020-q2-update.win32_2.0.0.202105311346/tools/bin/../lib/gcc/arm-none-eabi/9.3.1/../../../../arm-none-eabi/lib/thumb/v7e-m+dp/hard\libm.a(lib_a-math_errf.o)
 .text.__math_invalidf
                0x000000000800f2fe       0x1e c:/st/stm32cubeide_1.8.0/stm32cubeide/plugins/com.st.stm32cube.ide.mcu.externaltools.gnu-tools-for-stm32.9-2020-q2-update.win32_2.0.0.202105311346/tools/bin/../lib/gcc/arm-none-eabi/9.3.1/../../../../arm-none-eabi/lib/thumb/v7e-m+dp/hard\libm.a(lib_a-math_errf.o)
                0x000000000800f2fe                __math_invalidf
 .text.checkint
                0x000000000800f31c       0x6a c:/st/stm32cubeide_1.8.0/stm32cubeide/plugins/com.st.stm32cube.ide.mcu.externaltools.gnu-tools-for-stm32.9-2020-q2-update.win32_2.0.0.202105311346/tools/bin/../lib/gcc/arm-none-eabi/9.3.1/../../../../arm-none-eabi/lib/thumb/v7e-m+dp/hard\libm.a(lib_a-pow.o)
 *fill*         0x000000000800f386        0x2 
 .text.pow      0x000000000800f388      0x584 c:/st/stm32cubeide_1.8.0/stm32cubeide/plugins/com.st.stm32cube.ide.mcu.externaltools.gnu-tools-for-stm32.9-2020-q2-update.win32_2.0.0.202105311346/tools/bin/../lib/gcc/arm-none-eabi/9.3.1/../../../../arm-none-eabi/lib/thumb/v7e-m+dp/hard\libm.a(lib_a-pow.o)
                0x000000000800f388                pow
 .text.sinf_poly
                0x000000000800f90c       0x54 c:/st/stm32cubeide_1.8.0/stm32cubeide/plugins/com.st.stm32cube.ide.mcu.externaltools.gnu-tools-for-stm32.9-2020-q2-update.win32_2.0.0.202105311346/tools/bin/../lib/gcc/arm-none-eabi/9.3.1/../../../../arm-none-eabi/lib/thumb/v7e-m+dp/hard\libm.a(lib_a-sinf.o)
 .text.sinf     0x000000000800f960      0x140 c:/st/stm32cubeide_1.8.0/stm32cubeide/plugins/com.st.stm32cube.ide.mcu.externaltools.gnu-tools-for-stm32.9-2020-q2-update.win32_2.0.0.202105311346/tools/bin/../lib/gcc/arm-none-eabi/9.3.1/../../../../arm-none-eabi/lib/thumb/v7e-m+dp/hard\libm.a(lib_a-sinf.o)
                0x000000000800f960                sinf
 .text.atan2f   0x000000000800faa0        0x4 c:/st/stm32cubeide_1.8.0/stm32cubeide/plugins/com.st.stm32cube.ide.mcu.externaltools.gnu-tools-for-stm32.9-2020-q2-update.win32_2.0.0.202105311346/tools/bin/../lib/gcc/arm-none-eabi/9.3.1/../../../../arm-none-eabi/lib/thumb/v7e-m+dp/hard\libm.a(lib_a-wf_atan2.o)
                0x000000000800faa0                atan2f
 .text.sqrtf    0x000000000800faa4       0x4c c:/st/stm32cubeide_1.8.0/stm32cubeide/plugins/com.st.stm32cube.ide.mcu.externaltools.gnu-tools-for-stm32.9-2020-q2-update.win32_2.0.0.202105311346/tools/bin/../lib/gcc/arm-none-eabi/9.3.1/../../../../arm-none-eabi/lib/thumb/v7e-m+dp/hard\libm.a(lib_a-wf_sqrt.o)
                0x000000000800faa4                sqrtf
 .text.__ieee754_atan2f
                0x000000000800faf0      0x13c c:/st/stm32cubeide_1.8.0/stm32cubeide/plugins/com.st.stm32cube.ide.mcu.externaltools.gnu-tools-for-stm32.9-2020-q2-update.win32_2.0.0.202105311346/tools/bin/../lib/gcc/arm-none-eabi/9.3.1/../../../../arm-none-eabi/lib/thumb/v7e-m+dp/hard\libm.a(lib_a-ef_atan2.o)
                0x000000000800faf0                __ieee754_atan2f
 .text.__ieee754_sqrtf
                0x000000000800fc2c        0x6 c:/st/stm32cubeide_1.8.0/stm32cubeide/plugins/com.st.stm32cube.ide.mcu.externaltools.gnu-tools-for-stm32.9-2020-q2-update.win32_2.0.0.202105311346/tools/bin/../lib/gcc/arm-none-eabi/9.3.1/../../../../arm-none-eabi/lib/thumb/v7e-m+dp/hard\libm.a(lib_a-ef_sqrt.o)
                0x000000000800fc2c                __ieee754_sqrtf
 .text.with_errno
                0x000000000800fc32       0x16 c:/st/stm32cubeide_1.8.0/stm32cubeide/plugins/com.st.stm32cube.ide.mcu.externaltools.gnu-tools-for-stm32.9-2020-q2-update.win32_2.0.0.202105311346/tools/bin/../lib/gcc/arm-none-eabi/9.3.1/../../../../arm-none-eabi/lib/thumb/v7e-m+dp/hard\libm.a(lib_a-math_err.o)
 .text.xflow    0x000000000800fc48       0x22 c:/st/stm32cubeide_1.8.0/stm32cubeide/plugins/com.st.stm32cube.ide.mcu.externaltools.gnu-tools-for-stm32.9-2020-q2-update.win32_2.0.0.202105311346/tools/bin/../lib/gcc/arm-none-eabi/9.3.1/../../../../arm-none-eabi/lib/thumb/v7e-m+dp/hard\libm.a(lib_a-math_err.o)
 *fill*         0x000000000800fc6a        0x6 
 .text.__math_uflow
                0x000000000800fc70       0x10 c:/st/stm32cubeide_1.8.0/stm32cubeide/plugins/com.st.stm32cube.ide.mcu.externaltools.gnu-tools-for-stm32.9-2020-q2-update.win32_2.0.0.202105311346/tools/bin/../lib/gcc/arm-none-eabi/9.3.1/../../../../arm-none-eabi/lib/thumb/v7e-m+dp/hard\libm.a(lib_a-math_err.o)
                0x000000000800fc70                __math_uflow
 .text.__math_oflow
                0x000000000800fc80       0x10 c:/st/stm32cubeide_1.8.0/stm32cubeide/plugins/com.st.stm32cube.ide.mcu.externaltools.gnu-tools-for-stm32.9-2020-q2-update.win32_2.0.0.202105311346/tools/bin/../lib/gcc/arm-none-eabi/9.3.1/../../../../arm-none-eabi/lib/thumb/v7e-m+dp/hard\libm.a(lib_a-math_err.o)
                0x000000000800fc80                __math_oflow
 .text.__math_divzero
                0x000000000800fc90       0x30 c:/st/stm32cubeide_1.8.0/stm32cubeide/plugins/com.st.stm32cube.ide.mcu.externaltools.gnu-tools-for-stm32.9-2020-q2-update.win32_2.0.0.202105311346/tools/bin/../lib/gcc/arm-none-eabi/9.3.1/../../../../arm-none-eabi/lib/thumb/v7e-m+dp/hard\libm.a(lib_a-math_err.o)
                0x000000000800fc90                __math_divzero
 .text.__math_invalid
                0x000000000800fcc0       0x1e c:/st/stm32cubeide_1.8.0/stm32cubeide/plugins/com.st.stm32cube.ide.mcu.externaltools.gnu-tools-for-stm32.9-2020-q2-update.win32_2.0.0.202105311346/tools/bin/../lib/gcc/arm-none-eabi/9.3.1/../../../../arm-none-eabi/lib/thumb/v7e-m+dp/hard\libm.a(lib_a-math_err.o)
                0x000000000800fcc0                __math_invalid
 .text.__math_check_uflow
                0x000000000800fcde       0x12 c:/st/stm32cubeide_1.8.0/stm32cubeide/plugins/com.st.stm32cube.ide.mcu.externaltools.gnu-tools-for-stm32.9-2020-q2-update.win32_2.0.0.202105311346/tools/bin/../lib/gcc/arm-none-eabi/9.3.1/../../../../arm-none-eabi/lib/thumb/v7e-m+dp/hard\libm.a(lib_a-math_err.o)
                0x000000000800fcde                __math_check_uflow
 .text.__math_check_oflow
                0x000000000800fcf0       0x28 c:/st/stm32cubeide_1.8.0/stm32cubeide/plugins/com.st.stm32cube.ide.mcu.externaltools.gnu-tools-for-stm32.9-2020-q2-update.win32_2.0.0.202105311346/tools/bin/../lib/gcc/arm-none-eabi/9.3.1/../../../../arm-none-eabi/lib/thumb/v7e-m+dp/hard\libm.a(lib_a-math_err.o)
                0x000000000800fcf0                __math_check_oflow
 .text.atanf    0x000000000800fd18      0x1a8 c:/st/stm32cubeide_1.8.0/stm32cubeide/plugins/com.st.stm32cube.ide.mcu.externaltools.gnu-tools-for-stm32.9-2020-q2-update.win32_2.0.0.202105311346/tools/bin/../lib/gcc/arm-none-eabi/9.3.1/../../../../arm-none-eabi/lib/thumb/v7e-m+dp/hard\libm.a(lib_a-sf_atan.o)
                0x000000000800fd18                atanf
 .text.fabsf    0x000000000800fec0        0xe c:/st/stm32cubeide_1.8.0/stm32cubeide/plugins/com.st.stm32cube.ide.mcu.externaltools.gnu-tools-for-stm32.9-2020-q2-update.win32_2.0.0.202105311346/tools/bin/../lib/gcc/arm-none-eabi/9.3.1/../../../../arm-none-eabi/lib/thumb/v7e-m+dp/hard\libm.a(lib_a-sf_fabs.o)
                0x000000000800fec0                fabsf
 *fill*         0x000000000800fece        0x2 
 .text.__errno  0x000000000800fed0        0xc c:/st/stm32cubeide_1.8.0/stm32cubeide/plugins/com.st.stm32cube.ide.mcu.externaltools.gnu-tools-for-stm32.9-2020-q2-update.win32_2.0.0.202105311346/tools/bin/../lib/gcc/arm-none-eabi/9.3.1/../../../../arm-none-eabi/lib/thumb/v7e-m+dp/hard\libc_nano.a(lib_a-errno.o)
                0x000000000800fed0                __errno
 .text.__libc_init_array
                0x000000000800fedc       0x48 c:/st/stm32cubeide_1.8.0/stm32cubeide/plugins/com.st.stm32cube.ide.mcu.externaltools.gnu-tools-for-stm32.9-2020-q2-update.win32_2.0.0.202105311346/tools/bin/../lib/gcc/arm-none-eabi/9.3.1/../../../../arm-none-eabi/lib/thumb/v7e-m+dp/hard\libc_nano.a(lib_a-init.o)
                0x000000000800fedc                __libc_init_array
 .text.memcpy   0x000000000800ff24       0x1c c:/st/stm32cubeide_1.8.0/stm32cubeide/plugins/com.st.stm32cube.ide.mcu.externaltools.gnu-tools-for-stm32.9-2020-q2-update.win32_2.0.0.202105311346/tools/bin/../lib/gcc/arm-none-eabi/9.3.1/../../../../arm-none-eabi/lib/thumb/v7e-m+dp/hard\libc_nano.a(lib_a-memcpy-stub.o)
                0x000000000800ff24                memcpy
 .text.memset   0x000000000800ff40       0x10 c:/st/stm32cubeide_1.8.0/stm32cubeide/plugins/com.st.stm32cube.ide.mcu.externaltools.gnu-tools-for-stm32.9-2020-q2-update.win32_2.0.0.202105311346/tools/bin/../lib/gcc/arm-none-eabi/9.3.1/../../../../arm-none-eabi/lib/thumb/v7e-m+dp/hard\libc_nano.a(lib_a-memset.o)
                0x000000000800ff40                memset
 .text.__cvt    0x000000000800ff50       0xa4 c:/st/stm32cubeide_1.8.0/stm32cubeide/plugins/com.st.stm32cube.ide.mcu.externaltools.gnu-tools-for-stm32.9-2020-q2-update.win32_2.0.0.202105311346/tools/bin/../lib/gcc/arm-none-eabi/9.3.1/../../../../arm-none-eabi/lib/thumb/v7e-m+dp/hard\libc_nano.a(lib_a-nano-vfprintf_float.o)
                0x000000000800ff50                __cvt
 .text.__exponent
                0x000000000800fff4       0x7c c:/st/stm32cubeide_1.8.0/stm32cubeide/plugins/com.st.stm32cube.ide.mcu.externaltools.gnu-tools-for-stm32.9-2020-q2-update.win32_2.0.0.202105311346/tools/bin/../lib/gcc/arm-none-eabi/9.3.1/../../../../arm-none-eabi/lib/thumb/v7e-m+dp/hard\libc_nano.a(lib_a-nano-vfprintf_float.o)
                0x000000000800fff4                __exponent
 .text._printf_float
                0x0000000008010070      0x43c c:/st/stm32cubeide_1.8.0/stm32cubeide/plugins/com.st.stm32cube.ide.mcu.externaltools.gnu-tools-for-stm32.9-2020-q2-update.win32_2.0.0.202105311346/tools/bin/../lib/gcc/arm-none-eabi/9.3.1/../../../../arm-none-eabi/lib/thumb/v7e-m+dp/hard\libc_nano.a(lib_a-nano-vfprintf_float.o)
                0x0000000008010070                _printf_float
 .text._printf_common
                0x00000000080104ac       0xda c:/st/stm32cubeide_1.8.0/stm32cubeide/plugins/com.st.stm32cube.ide.mcu.externaltools.gnu-tools-for-stm32.9-2020-q2-update.win32_2.0.0.202105311346/tools/bin/../lib/gcc/arm-none-eabi/9.3.1/../../../../arm-none-eabi/lib/thumb/v7e-m+dp/hard\libc_nano.a(lib_a-nano-vfprintf_i.o)
                0x00000000080104ac                _printf_common
 *fill*         0x0000000008010586        0x2 
 .text._printf_i
                0x0000000008010588      0x24c c:/st/stm32cubeide_1.8.0/stm32cubeide/plugins/com.st.stm32cube.ide.mcu.externaltools.gnu-tools-for-stm32.9-2020-q2-update.win32_2.0.0.202105311346/tools/bin/../lib/gcc/arm-none-eabi/9.3.1/../../../../arm-none-eabi/lib/thumb/v7e-m+dp/hard\libc_nano.a(lib_a-nano-vfprintf_i.o)
                0x0000000008010588                _printf_i
 .text.quorem   0x00000000080107d4      0x116 c:/st/stm32cubeide_1.8.0/stm32cubeide/plugins/com.st.stm32cube.ide.mcu.externaltools.gnu-tools-for-stm32.9-2020-q2-update.win32_2.0.0.202105311346/tools/bin/../lib/gcc/arm-none-eabi/9.3.1/../../../../arm-none-eabi/lib/thumb/v7e-m+dp/hard\libc_nano.a(lib_a-dtoa.o)
 *fill*         0x00000000080108ea        0x6 
 .text._dtoa_r  0x00000000080108f0      0xb04 c:/st/stm32cubeide_1.8.0/stm32cubeide/plugins/com.st.stm32cube.ide.mcu.externaltools.gnu-tools-for-stm32.9-2020-q2-update.win32_2.0.0.202105311346/tools/bin/../lib/gcc/arm-none-eabi/9.3.1/../../../../arm-none-eabi/lib/thumb/v7e-m+dp/hard\libc_nano.a(lib_a-dtoa.o)
                0x00000000080108f0                _dtoa_r
 .text._localeconv_r
                0x00000000080113f4        0x8 c:/st/stm32cubeide_1.8.0/stm32cubeide/plugins/com.st.stm32cube.ide.mcu.externaltools.gnu-tools-for-stm32.9-2020-q2-update.win32_2.0.0.202105311346/tools/bin/../lib/gcc/arm-none-eabi/9.3.1/../../../../arm-none-eabi/lib/thumb/v7e-m+dp/hard\libc_nano.a(lib_a-localeconv.o)
                0x00000000080113f4                _localeconv_r
 .text.malloc   0x00000000080113fc       0x10 c:/st/stm32cubeide_1.8.0/stm32cubeide/plugins/com.st.stm32cube.ide.mcu.externaltools.gnu-tools-for-stm32.9-2020-q2-update.win32_2.0.0.202105311346/tools/bin/../lib/gcc/arm-none-eabi/9.3.1/../../../../arm-none-eabi/lib/thumb/v7e-m+dp/hard\libc_nano.a(lib_a-malloc.o)
                0x00000000080113fc                malloc
 .text._Balloc  0x000000000801140c       0x80 c:/st/stm32cubeide_1.8.0/stm32cubeide/plugins/com.st.stm32cube.ide.mcu.externaltools.gnu-tools-for-stm32.9-2020-q2-update.win32_2.0.0.202105311346/tools/bin/../lib/gcc/arm-none-eabi/9.3.1/../../../../arm-none-eabi/lib/thumb/v7e-m+dp/hard\libc_nano.a(lib_a-mprec.o)
                0x000000000801140c                _Balloc
 .text._Bfree   0x000000000801148c       0x44 c:/st/stm32cubeide_1.8.0/stm32cubeide/plugins/com.st.stm32cube.ide.mcu.externaltools.gnu-tools-for-stm32.9-2020-q2-update.win32_2.0.0.202105311346/tools/bin/../lib/gcc/arm-none-eabi/9.3.1/../../../../arm-none-eabi/lib/thumb/v7e-m+dp/hard\libc_nano.a(lib_a-mprec.o)
                0x000000000801148c                _Bfree
 .text.__multadd
                0x00000000080114d0       0x94 c:/st/stm32cubeide_1.8.0/stm32cubeide/plugins/com.st.stm32cube.ide.mcu.externaltools.gnu-tools-for-stm32.9-2020-q2-update.win32_2.0.0.202105311346/tools/bin/../lib/gcc/arm-none-eabi/9.3.1/../../../../arm-none-eabi/lib/thumb/v7e-m+dp/hard\libc_nano.a(lib_a-mprec.o)
                0x00000000080114d0                __multadd
 .text.__hi0bits
                0x0000000008011564       0x40 c:/st/stm32cubeide_1.8.0/stm32cubeide/plugins/com.st.stm32cube.ide.mcu.externaltools.gnu-tools-for-stm32.9-2020-q2-update.win32_2.0.0.202105311346/tools/bin/../lib/gcc/arm-none-eabi/9.3.1/../../../../arm-none-eabi/lib/thumb/v7e-m+dp/hard\libc_nano.a(lib_a-mprec.o)
                0x0000000008011564                __hi0bits
 .text.__lo0bits
                0x00000000080115a4       0x60 c:/st/stm32cubeide_1.8.0/stm32cubeide/plugins/com.st.stm32cube.ide.mcu.externaltools.gnu-tools-for-stm32.9-2020-q2-update.win32_2.0.0.202105311346/tools/bin/../lib/gcc/arm-none-eabi/9.3.1/../../../../arm-none-eabi/lib/thumb/v7e-m+dp/hard\libc_nano.a(lib_a-mprec.o)
                0x00000000080115a4                __lo0bits
 .text.__i2b    0x0000000008011604       0x2c c:/st/stm32cubeide_1.8.0/stm32cubeide/plugins/com.st.stm32cube.ide.mcu.externaltools.gnu-tools-for-stm32.9-2020-q2-update.win32_2.0.0.202105311346/tools/bin/../lib/gcc/arm-none-eabi/9.3.1/../../../../arm-none-eabi/lib/thumb/v7e-m+dp/hard\libc_nano.a(lib_a-mprec.o)
                0x0000000008011604                __i2b
 .text.__multiply
                0x0000000008011630      0x14c c:/st/stm32cubeide_1.8.0/stm32cubeide/plugins/com.st.stm32cube.ide.mcu.externaltools.gnu-tools-for-stm32.9-2020-q2-update.win32_2.0.0.202105311346/tools/bin/../lib/gcc/arm-none-eabi/9.3.1/../../../../arm-none-eabi/lib/thumb/v7e-m+dp/hard\libc_nano.a(lib_a-mprec.o)
                0x0000000008011630                __multiply
 .text.__pow5mult
                0x000000000801177c       0xb4 c:/st/stm32cubeide_1.8.0/stm32cubeide/plugins/com.st.stm32cube.ide.mcu.externaltools.gnu-tools-for-stm32.9-2020-q2-update.win32_2.0.0.202105311346/tools/bin/../lib/gcc/arm-none-eabi/9.3.1/../../../../arm-none-eabi/lib/thumb/v7e-m+dp/hard\libc_nano.a(lib_a-mprec.o)
                0x000000000801177c                __pow5mult
 .text.__lshift
                0x0000000008011830       0xd8 c:/st/stm32cubeide_1.8.0/stm32cubeide/plugins/com.st.stm32cube.ide.mcu.externaltools.gnu-tools-for-stm32.9-2020-q2-update.win32_2.0.0.202105311346/tools/bin/../lib/gcc/arm-none-eabi/9.3.1/../../../../arm-none-eabi/lib/thumb/v7e-m+dp/hard\libc_nano.a(lib_a-mprec.o)
                0x0000000008011830                __lshift
 .text.__mcmp   0x0000000008011908       0x38 c:/st/stm32cubeide_1.8.0/stm32cubeide/plugins/com.st.stm32cube.ide.mcu.externaltools.gnu-tools-for-stm32.9-2020-q2-update.win32_2.0.0.202105311346/tools/bin/../lib/gcc/arm-none-eabi/9.3.1/../../../../arm-none-eabi/lib/thumb/v7e-m+dp/hard\libc_nano.a(lib_a-mprec.o)
                0x0000000008011908                __mcmp
 .text.__mdiff  0x0000000008011940      0x110 c:/st/stm32cubeide_1.8.0/stm32cubeide/plugins/com.st.stm32cube.ide.mcu.externaltools.gnu-tools-for-stm32.9-2020-q2-update.win32_2.0.0.202105311346/tools/bin/../lib/gcc/arm-none-eabi/9.3.1/../../../../arm-none-eabi/lib/thumb/v7e-m+dp/hard\libc_nano.a(lib_a-mprec.o)
                0x0000000008011940                __mdiff
 .text.__d2b    0x0000000008011a50       0xb8 c:/st/stm32cubeide_1.8.0/stm32cubeide/plugins/com.st.stm32cube.ide.mcu.externaltools.gnu-tools-for-stm32.9-2020-q2-update.win32_2.0.0.202105311346/tools/bin/../lib/gcc/arm-none-eabi/9.3.1/../../../../arm-none-eabi/lib/thumb/v7e-m+dp/hard\libc_nano.a(lib_a-mprec.o)
                0x0000000008011a50                __d2b
 .text._calloc_r
                0x0000000008011b08       0x1e c:/st/stm32cubeide_1.8.0/stm32cubeide/plugins/com.st.stm32cube.ide.mcu.externaltools.gnu-tools-for-stm32.9-2020-q2-update.win32_2.0.0.202105311346/tools/bin/../lib/gcc/arm-none-eabi/9.3.1/../../../../arm-none-eabi/lib/thumb/v7e-m+dp/hard\libc_nano.a(lib_a-nano-callocr.o)
                0x0000000008011b08                _calloc_r
 *fill*         0x0000000008011b26        0x2 
 .text._free_r  0x0000000008011b28       0xa0 c:/st/stm32cubeide_1.8.0/stm32cubeide/plugins/com.st.stm32cube.ide.mcu.externaltools.gnu-tools-for-stm32.9-2020-q2-update.win32_2.0.0.202105311346/tools/bin/../lib/gcc/arm-none-eabi/9.3.1/../../../../arm-none-eabi/lib/thumb/v7e-m+dp/hard\libc_nano.a(lib_a-nano-freer.o)
                0x0000000008011b28                _free_r
 .text._malloc_r
                0x0000000008011bc8       0xb4 c:/st/stm32cubeide_1.8.0/stm32cubeide/plugins/com.st.stm32cube.ide.mcu.externaltools.gnu-tools-for-stm32.9-2020-q2-update.win32_2.0.0.202105311346/tools/bin/../lib/gcc/arm-none-eabi/9.3.1/../../../../arm-none-eabi/lib/thumb/v7e-m+dp/hard\libc_nano.a(lib_a-nano-mallocr.o)
                0x0000000008011bc8                _malloc_r
 .text._sbrk_r  0x0000000008011c7c       0x20 c:/st/stm32cubeide_1.8.0/stm32cubeide/plugins/com.st.stm32cube.ide.mcu.externaltools.gnu-tools-for-stm32.9-2020-q2-update.win32_2.0.0.202105311346/tools/bin/../lib/gcc/arm-none-eabi/9.3.1/../../../../arm-none-eabi/lib/thumb/v7e-m+dp/hard\libc_nano.a(lib_a-sbrkr.o)
                0x0000000008011c7c                _sbrk_r
 .text.__assert_func
                0x0000000008011c9c       0x3c c:/st/stm32cubeide_1.8.0/stm32cubeide/plugins/com.st.stm32cube.ide.mcu.externaltools.gnu-tools-for-stm32.9-2020-q2-update.win32_2.0.0.202105311346/tools/bin/../lib/gcc/arm-none-eabi/9.3.1/../../../../arm-none-eabi/lib/thumb/v7e-m+dp/hard\libc_nano.a(lib_a-assert.o)
                0x0000000008011c9c                __assert_func
 .text.fprintf  0x0000000008011cd8       0x24 c:/st/stm32cubeide_1.8.0/stm32cubeide/plugins/com.st.stm32cube.ide.mcu.externaltools.gnu-tools-for-stm32.9-2020-q2-update.win32_2.0.0.202105311346/tools/bin/../lib/gcc/arm-none-eabi/9.3.1/../../../../arm-none-eabi/lib/thumb/v7e-m+dp/hard\libc_nano.a(lib_a-fprintf.o)
                0x0000000008011cd8                fiprintf
                0x0000000008011cd8                fprintf
 .text.__ascii_mbtowc
                0x0000000008011cfc       0x24 c:/st/stm32cubeide_1.8.0/stm32cubeide/plugins/com.st.stm32cube.ide.mcu.externaltools.gnu-tools-for-stm32.9-2020-q2-update.win32_2.0.0.202105311346/tools/bin/../lib/gcc/arm-none-eabi/9.3.1/../../../../arm-none-eabi/lib/thumb/v7e-m+dp/hard\libc_nano.a(lib_a-mbtowc_r.o)
                0x0000000008011cfc                __ascii_mbtowc
 .text.__malloc_lock
                0x0000000008011d20        0xc c:/st/stm32cubeide_1.8.0/stm32cubeide/plugins/com.st.stm32cube.ide.mcu.externaltools.gnu-tools-for-stm32.9-2020-q2-update.win32_2.0.0.202105311346/tools/bin/../lib/gcc/arm-none-eabi/9.3.1/../../../../arm-none-eabi/lib/thumb/v7e-m+dp/hard\libc_nano.a(lib_a-mlock.o)
                0x0000000008011d20                __malloc_lock
 .text.__malloc_unlock
                0x0000000008011d2c        0xc c:/st/stm32cubeide_1.8.0/stm32cubeide/plugins/com.st.stm32cube.ide.mcu.externaltools.gnu-tools-for-stm32.9-2020-q2-update.win32_2.0.0.202105311346/tools/bin/../lib/gcc/arm-none-eabi/9.3.1/../../../../arm-none-eabi/lib/thumb/v7e-m+dp/hard\libc_nano.a(lib_a-mlock.o)
                0x0000000008011d2c                __malloc_unlock
 .text.__sfputc_r
                0x0000000008011d38       0x2e c:/st/stm32cubeide_1.8.0/stm32cubeide/plugins/com.st.stm32cube.ide.mcu.externaltools.gnu-tools-for-stm32.9-2020-q2-update.win32_2.0.0.202105311346/tools/bin/../lib/gcc/arm-none-eabi/9.3.1/../../../../arm-none-eabi/lib/thumb/v7e-m+dp/hard\libc_nano.a(lib_a-nano-vfprintf.o)
 .text.__sfputs_r
                0x0000000008011d66       0x24 c:/st/stm32cubeide_1.8.0/stm32cubeide/plugins/com.st.stm32cube.ide.mcu.externaltools.gnu-tools-for-stm32.9-2020-q2-update.win32_2.0.0.202105311346/tools/bin/../lib/gcc/arm-none-eabi/9.3.1/../../../../arm-none-eabi/lib/thumb/v7e-m+dp/hard\libc_nano.a(lib_a-nano-vfprintf.o)
                0x0000000008011d66                __sfputs_r
 *fill*         0x0000000008011d8a        0x2 
 .text._vfprintf_r
                0x0000000008011d8c      0x260 c:/st/stm32cubeide_1.8.0/stm32cubeide/plugins/com.st.stm32cube.ide.mcu.externaltools.gnu-tools-for-stm32.9-2020-q2-update.win32_2.0.0.202105311346/tools/bin/../lib/gcc/arm-none-eabi/9.3.1/../../../../arm-none-eabi/lib/thumb/v7e-m+dp/hard\libc_nano.a(lib_a-nano-vfprintf.o)
                0x0000000008011d8c                _vfprintf_r
                0x0000000008011d8c                _vfiprintf_r
 .text.__swbuf_r
                0x0000000008011fec       0xa4 c:/st/stm32cubeide_1.8.0/stm32cubeide/plugins/com.st.stm32cube.ide.mcu.externaltools.gnu-tools-for-stm32.9-2020-q2-update.win32_2.0.0.202105311346/tools/bin/../lib/gcc/arm-none-eabi/9.3.1/../../../../arm-none-eabi/lib/thumb/v7e-m+dp/hard\libc_nano.a(lib_a-wbuf.o)
                0x0000000008011fec                __swbuf_r
 .text.__ascii_wctomb
                0x0000000008012090       0x1a c:/st/stm32cubeide_1.8.0/stm32cubeide/plugins/com.st.stm32cube.ide.mcu.externaltools.gnu-tools-for-stm32.9-2020-q2-update.win32_2.0.0.202105311346/tools/bin/../lib/gcc/arm-none-eabi/9.3.1/../../../../arm-none-eabi/lib/thumb/v7e-m+dp/hard\libc_nano.a(lib_a-wctomb_r.o)
                0x0000000008012090                __ascii_wctomb
 *fill*         0x00000000080120aa        0x2 
 .text.__swsetup_r
                0x00000000080120ac       0xdc c:/st/stm32cubeide_1.8.0/stm32cubeide/plugins/com.st.stm32cube.ide.mcu.externaltools.gnu-tools-for-stm32.9-2020-q2-update.win32_2.0.0.202105311346/tools/bin/../lib/gcc/arm-none-eabi/9.3.1/../../../../arm-none-eabi/lib/thumb/v7e-m+dp/hard\libc_nano.a(lib_a-wsetup.o)
                0x00000000080120ac                __swsetup_r
 .text.abort    0x0000000008012188        0xe c:/st/stm32cubeide_1.8.0/stm32cubeide/plugins/com.st.stm32cube.ide.mcu.externaltools.gnu-tools-for-stm32.9-2020-q2-update.win32_2.0.0.202105311346/tools/bin/../lib/gcc/arm-none-eabi/9.3.1/../../../../arm-none-eabi/lib/thumb/v7e-m+dp/hard\libc_nano.a(lib_a-abort.o)
                0x0000000008012188                abort
 *fill*         0x0000000008012196        0x2 
 .text.__sflush_r
                0x0000000008012198      0x10c c:/st/stm32cubeide_1.8.0/stm32cubeide/plugins/com.st.stm32cube.ide.mcu.externaltools.gnu-tools-for-stm32.9-2020-q2-update.win32_2.0.0.202105311346/tools/bin/../lib/gcc/arm-none-eabi/9.3.1/../../../../arm-none-eabi/lib/thumb/v7e-m+dp/hard\libc_nano.a(lib_a-fflush.o)
                0x0000000008012198                __sflush_r
 .text._fflush_r
                0x00000000080122a4       0x78 c:/st/stm32cubeide_1.8.0/stm32cubeide/plugins/com.st.stm32cube.ide.mcu.externaltools.gnu-tools-for-stm32.9-2020-q2-update.win32_2.0.0.202105311346/tools/bin/../lib/gcc/arm-none-eabi/9.3.1/../../../../arm-none-eabi/lib/thumb/v7e-m+dp/hard\libc_nano.a(lib_a-fflush.o)
                0x00000000080122a4                _fflush_r
 .text.std      0x000000000801231c       0x48 c:/st/stm32cubeide_1.8.0/stm32cubeide/plugins/com.st.stm32cube.ide.mcu.externaltools.gnu-tools-for-stm32.9-2020-q2-update.win32_2.0.0.202105311346/tools/bin/../lib/gcc/arm-none-eabi/9.3.1/../../../../arm-none-eabi/lib/thumb/v7e-m+dp/hard\libc_nano.a(lib_a-findfp.o)
 .text._cleanup_r
                0x0000000008012364        0xc c:/st/stm32cubeide_1.8.0/stm32cubeide/plugins/com.st.stm32cube.ide.mcu.externaltools.gnu-tools-for-stm32.9-2020-q2-update.win32_2.0.0.202105311346/tools/bin/../lib/gcc/arm-none-eabi/9.3.1/../../../../arm-none-eabi/lib/thumb/v7e-m+dp/hard\libc_nano.a(lib_a-findfp.o)
                0x0000000008012364                _cleanup_r
 .text.__sfmoreglue
                0x0000000008012370       0x2c c:/st/stm32cubeide_1.8.0/stm32cubeide/plugins/com.st.stm32cube.ide.mcu.externaltools.gnu-tools-for-stm32.9-2020-q2-update.win32_2.0.0.202105311346/tools/bin/../lib/gcc/arm-none-eabi/9.3.1/../../../../arm-none-eabi/lib/thumb/v7e-m+dp/hard\libc_nano.a(lib_a-findfp.o)
                0x0000000008012370                __sfmoreglue
 .text.__sfp_lock_acquire
                0x000000000801239c        0xc c:/st/stm32cubeide_1.8.0/stm32cubeide/plugins/com.st.stm32cube.ide.mcu.externaltools.gnu-tools-for-stm32.9-2020-q2-update.win32_2.0.0.202105311346/tools/bin/../lib/gcc/arm-none-eabi/9.3.1/../../../../arm-none-eabi/lib/thumb/v7e-m+dp/hard\libc_nano.a(lib_a-findfp.o)
                0x000000000801239c                __sfp_lock_acquire
 .text.__sfp_lock_release
                0x00000000080123a8        0xc c:/st/stm32cubeide_1.8.0/stm32cubeide/plugins/com.st.stm32cube.ide.mcu.externaltools.gnu-tools-for-stm32.9-2020-q2-update.win32_2.0.0.202105311346/tools/bin/../lib/gcc/arm-none-eabi/9.3.1/../../../../arm-none-eabi/lib/thumb/v7e-m+dp/hard\libc_nano.a(lib_a-findfp.o)
                0x00000000080123a8                __sfp_lock_release
 .text.__sinit_lock_acquire
                0x00000000080123b4        0xc c:/st/stm32cubeide_1.8.0/stm32cubeide/plugins/com.st.stm32cube.ide.mcu.externaltools.gnu-tools-for-stm32.9-2020-q2-update.win32_2.0.0.202105311346/tools/bin/../lib/gcc/arm-none-eabi/9.3.1/../../../../arm-none-eabi/lib/thumb/v7e-m+dp/hard\libc_nano.a(lib_a-findfp.o)
                0x00000000080123b4                __sinit_lock_acquire
 .text.__sinit_lock_release
                0x00000000080123c0        0xc c:/st/stm32cubeide_1.8.0/stm32cubeide/plugins/com.st.stm32cube.ide.mcu.externaltools.gnu-tools-for-stm32.9-2020-q2-update.win32_2.0.0.202105311346/tools/bin/../lib/gcc/arm-none-eabi/9.3.1/../../../../arm-none-eabi/lib/thumb/v7e-m+dp/hard\libc_nano.a(lib_a-findfp.o)
                0x00000000080123c0                __sinit_lock_release
 .text.__sinit  0x00000000080123cc       0x70 c:/st/stm32cubeide_1.8.0/stm32cubeide/plugins/com.st.stm32cube.ide.mcu.externaltools.gnu-tools-for-stm32.9-2020-q2-update.win32_2.0.0.202105311346/tools/bin/../lib/gcc/arm-none-eabi/9.3.1/../../../../arm-none-eabi/lib/thumb/v7e-m+dp/hard\libc_nano.a(lib_a-findfp.o)
                0x00000000080123cc                __sinit
 .text.__sfp    0x000000000801243c       0x8c c:/st/stm32cubeide_1.8.0/stm32cubeide/plugins/com.st.stm32cube.ide.mcu.externaltools.gnu-tools-for-stm32.9-2020-q2-update.win32_2.0.0.202105311346/tools/bin/../lib/gcc/arm-none-eabi/9.3.1/../../../../arm-none-eabi/lib/thumb/v7e-m+dp/hard\libc_nano.a(lib_a-findfp.o)
                0x000000000801243c                __sfp
 .text._fwalk_reent
                0x00000000080124c8       0x3e c:/st/stm32cubeide_1.8.0/stm32cubeide/plugins/com.st.stm32cube.ide.mcu.externaltools.gnu-tools-for-stm32.9-2020-q2-update.win32_2.0.0.202105311346/tools/bin/../lib/gcc/arm-none-eabi/9.3.1/../../../../arm-none-eabi/lib/thumb/v7e-m+dp/hard\libc_nano.a(lib_a-fwalk.o)
                0x00000000080124c8                _fwalk_reent
 .text.__retarget_lock_init_recursive
                0x0000000008012506        0x2 c:/st/stm32cubeide_1.8.0/stm32cubeide/plugins/com.st.stm32cube.ide.mcu.externaltools.gnu-tools-for-stm32.9-2020-q2-update.win32_2.0.0.202105311346/tools/bin/../lib/gcc/arm-none-eabi/9.3.1/../../../../arm-none-eabi/lib/thumb/v7e-m+dp/hard\libc_nano.a(lib_a-lock.o)
                0x0000000008012506                __retarget_lock_init_recursive
 .text.__retarget_lock_acquire_recursive
                0x0000000008012508        0x2 c:/st/stm32cubeide_1.8.0/stm32cubeide/plugins/com.st.stm32cube.ide.mcu.externaltools.gnu-tools-for-stm32.9-2020-q2-update.win32_2.0.0.202105311346/tools/bin/../lib/gcc/arm-none-eabi/9.3.1/../../../../arm-none-eabi/lib/thumb/v7e-m+dp/hard\libc_nano.a(lib_a-lock.o)
                0x0000000008012508                __retarget_lock_acquire_recursive
 .text.__retarget_lock_release_recursive
                0x000000000801250a        0x2 c:/st/stm32cubeide_1.8.0/stm32cubeide/plugins/com.st.stm32cube.ide.mcu.externaltools.gnu-tools-for-stm32.9-2020-q2-update.win32_2.0.0.202105311346/tools/bin/../lib/gcc/arm-none-eabi/9.3.1/../../../../arm-none-eabi/lib/thumb/v7e-m+dp/hard\libc_nano.a(lib_a-lock.o)
                0x000000000801250a                __retarget_lock_release_recursive
 .text.__swhatbuf_r
                0x000000000801250c       0x48 c:/st/stm32cubeide_1.8.0/stm32cubeide/plugins/com.st.stm32cube.ide.mcu.externaltools.gnu-tools-for-stm32.9-2020-q2-update.win32_2.0.0.202105311346/tools/bin/../lib/gcc/arm-none-eabi/9.3.1/../../../../arm-none-eabi/lib/thumb/v7e-m+dp/hard\libc_nano.a(lib_a-makebuf.o)
                0x000000000801250c                __swhatbuf_r
 .text.__smakebuf_r
                0x0000000008012554       0x80 c:/st/stm32cubeide_1.8.0/stm32cubeide/plugins/com.st.stm32cube.ide.mcu.externaltools.gnu-tools-for-stm32.9-2020-q2-update.win32_2.0.0.202105311346/tools/bin/../lib/gcc/arm-none-eabi/9.3.1/../../../../arm-none-eabi/lib/thumb/v7e-m+dp/hard\libc_nano.a(lib_a-makebuf.o)
                0x0000000008012554                __smakebuf_r
 .text._raise_r
                0x00000000080125d4       0x50 c:/st/stm32cubeide_1.8.0/stm32cubeide/plugins/com.st.stm32cube.ide.mcu.externaltools.gnu-tools-for-stm32.9-2020-q2-update.win32_2.0.0.202105311346/tools/bin/../lib/gcc/arm-none-eabi/9.3.1/../../../../arm-none-eabi/lib/thumb/v7e-m+dp/hard\libc_nano.a(lib_a-signal.o)
                0x00000000080125d4                _raise_r
 .text.raise    0x0000000008012624       0x10 c:/st/stm32cubeide_1.8.0/stm32cubeide/plugins/com.st.stm32cube.ide.mcu.externaltools.gnu-tools-for-stm32.9-2020-q2-update.win32_2.0.0.202105311346/tools/bin/../lib/gcc/arm-none-eabi/9.3.1/../../../../arm-none-eabi/lib/thumb/v7e-m+dp/hard\libc_nano.a(lib_a-signal.o)
                0x0000000008012624                raise
 .text._kill_r  0x0000000008012634       0x24 c:/st/stm32cubeide_1.8.0/stm32cubeide/plugins/com.st.stm32cube.ide.mcu.externaltools.gnu-tools-for-stm32.9-2020-q2-update.win32_2.0.0.202105311346/tools/bin/../lib/gcc/arm-none-eabi/9.3.1/../../../../arm-none-eabi/lib/thumb/v7e-m+dp/hard\libc_nano.a(lib_a-signalr.o)
                0x0000000008012634                _kill_r
 .text._getpid_r
                0x0000000008012658        0x4 c:/st/stm32cubeide_1.8.0/stm32cubeide/plugins/com.st.stm32cube.ide.mcu.externaltools.gnu-tools-for-stm32.9-2020-q2-update.win32_2.0.0.202105311346/tools/bin/../lib/gcc/arm-none-eabi/9.3.1/../../../../arm-none-eabi/lib/thumb/v7e-m+dp/hard\libc_nano.a(lib_a-signalr.o)
                0x0000000008012658                _getpid_r
 .text.__sread  0x000000000801265c       0x22 c:/st/stm32cubeide_1.8.0/stm32cubeide/plugins/com.st.stm32cube.ide.mcu.externaltools.gnu-tools-for-stm32.9-2020-q2-update.win32_2.0.0.202105311346/tools/bin/../lib/gcc/arm-none-eabi/9.3.1/../../../../arm-none-eabi/lib/thumb/v7e-m+dp/hard\libc_nano.a(lib_a-stdio.o)
                0x000000000801265c                __sread
 .text.__swrite
                0x000000000801267e       0x38 c:/st/stm32cubeide_1.8.0/stm32cubeide/plugins/com.st.stm32cube.ide.mcu.externaltools.gnu-tools-for-stm32.9-2020-q2-update.win32_2.0.0.202105311346/tools/bin/../lib/gcc/arm-none-eabi/9.3.1/../../../../arm-none-eabi/lib/thumb/v7e-m+dp/hard\libc_nano.a(lib_a-stdio.o)
                0x000000000801267e                __swrite
 .text.__sseek  0x00000000080126b6       0x24 c:/st/stm32cubeide_1.8.0/stm32cubeide/plugins/com.st.stm32cube.ide.mcu.externaltools.gnu-tools-for-stm32.9-2020-q2-update.win32_2.0.0.202105311346/tools/bin/../lib/gcc/arm-none-eabi/9.3.1/../../../../arm-none-eabi/lib/thumb/v7e-m+dp/hard\libc_nano.a(lib_a-stdio.o)
                0x00000000080126b6                __sseek
 .text.__sclose
                0x00000000080126da        0x8 c:/st/stm32cubeide_1.8.0/stm32cubeide/plugins/com.st.stm32cube.ide.mcu.externaltools.gnu-tools-for-stm32.9-2020-q2-update.win32_2.0.0.202105311346/tools/bin/../lib/gcc/arm-none-eabi/9.3.1/../../../../arm-none-eabi/lib/thumb/v7e-m+dp/hard\libc_nano.a(lib_a-stdio.o)
                0x00000000080126da                __sclose
 *fill*         0x00000000080126e2        0x2 
 .text._write_r
                0x00000000080126e4       0x24 c:/st/stm32cubeide_1.8.0/stm32cubeide/plugins/com.st.stm32cube.ide.mcu.externaltools.gnu-tools-for-stm32.9-2020-q2-update.win32_2.0.0.202105311346/tools/bin/../lib/gcc/arm-none-eabi/9.3.1/../../../../arm-none-eabi/lib/thumb/v7e-m+dp/hard\libc_nano.a(lib_a-writer.o)
                0x00000000080126e4                _write_r
 .text._close_r
                0x0000000008012708       0x20 c:/st/stm32cubeide_1.8.0/stm32cubeide/plugins/com.st.stm32cube.ide.mcu.externaltools.gnu-tools-for-stm32.9-2020-q2-update.win32_2.0.0.202105311346/tools/bin/../lib/gcc/arm-none-eabi/9.3.1/../../../../arm-none-eabi/lib/thumb/v7e-m+dp/hard\libc_nano.a(lib_a-closer.o)
                0x0000000008012708                _close_r
 .text._fstat_r
                0x0000000008012728       0x24 c:/st/stm32cubeide_1.8.0/stm32cubeide/plugins/com.st.stm32cube.ide.mcu.externaltools.gnu-tools-for-stm32.9-2020-q2-update.win32_2.0.0.202105311346/tools/bin/../lib/gcc/arm-none-eabi/9.3.1/../../../../arm-none-eabi/lib/thumb/v7e-m+dp/hard\libc_nano.a(lib_a-fstatr.o)
                0x0000000008012728                _fstat_r
 .text._isatty_r
                0x000000000801274c       0x20 c:/st/stm32cubeide_1.8.0/stm32cubeide/plugins/com.st.stm32cube.ide.mcu.externaltools.gnu-tools-for-stm32.9-2020-q2-update.win32_2.0.0.202105311346/tools/bin/../lib/gcc/arm-none-eabi/9.3.1/../../../../arm-none-eabi/lib/thumb/v7e-m+dp/hard\libc_nano.a(lib_a-isattyr.o)
                0x000000000801274c                _isatty_r
 .text._lseek_r
                0x000000000801276c       0x24 c:/st/stm32cubeide_1.8.0/stm32cubeide/plugins/com.st.stm32cube.ide.mcu.externaltools.gnu-tools-for-stm32.9-2020-q2-update.win32_2.0.0.202105311346/tools/bin/../lib/gcc/arm-none-eabi/9.3.1/../../../../arm-none-eabi/lib/thumb/v7e-m+dp/hard\libc_nano.a(lib_a-lseekr.o)
                0x000000000801276c                _lseek_r
 .text._read_r  0x0000000008012790       0x24 c:/st/stm32cubeide_1.8.0/stm32cubeide/plugins/com.st.stm32cube.ide.mcu.externaltools.gnu-tools-for-stm32.9-2020-q2-update.win32_2.0.0.202105311346/tools/bin/../lib/gcc/arm-none-eabi/9.3.1/../../../../arm-none-eabi/lib/thumb/v7e-m+dp/hard\libc_nano.a(lib_a-readr.o)
                0x0000000008012790                _read_r
 *(.glue_7)
 .glue_7        0x00000000080127b4        0x0 linker stubs
 *(.glue_7t)
 .glue_7t       0x00000000080127b4        0x0 linker stubs
 *(.eh_frame)
 .eh_frame      0x00000000080127b4        0x0 c:/st/stm32cubeide_1.8.0/stm32cubeide/plugins/com.st.stm32cube.ide.mcu.externaltools.gnu-tools-for-stm32.9-2020-q2-update.win32_2.0.0.202105311346/tools/bin/../lib/gcc/arm-none-eabi/9.3.1/thumb/v7e-m+dp/hard/crtbegin.o
 *(.init)
 .init          0x00000000080127b4        0x4 c:/st/stm32cubeide_1.8.0/stm32cubeide/plugins/com.st.stm32cube.ide.mcu.externaltools.gnu-tools-for-stm32.9-2020-q2-update.win32_2.0.0.202105311346/tools/bin/../lib/gcc/arm-none-eabi/9.3.1/thumb/v7e-m+dp/hard/crti.o