AccelStepper.c:37:6:moveTo	16	static
AccelStepper.c:47:6:move	16	static
AccelStepper.c:55:9:runSpeed	24	static
AccelStepper.c:90:6:distanceToGo	16	static
AccelStepper.c:95:6:targetPosition	16	static
AccelStepper.c:100:6:currentPosition	16	static
AccelStepper.c:107:6:setCurrentPosition	16	static
AccelStepper.c:115:6:computeNewSpeed	24	static
AccelStepper.c:202:9:run	16	static
AccelStepper.c:209:6:InitStepper	32	static
AccelStepper.c:250:6:InitStepperFunct	32	static
AccelStepper.c:290:6:setMaxSpeed	16	static
AccelStepper.c:305:7:maxSpeed	16	static
AccelStepper.c:310:6:setAcceleration	16	static
AccelStepper.c:325:7:constrain	24	static
AccelStepper.c:332:6:setSpeed	16	static
AccelStepper.c:352:7:speed	16	static
AccelStepper.c:358:6:step	16	static
AccelStepper.c:396:6:setOutputPins	24	static
AccelStepper.c:420:6:step0	16	static
AccelStepper.c:431:6:step1	16	static
AccelStepper.c:447:6:step2	16	static
AccelStepper.c:471:6:step3	16	static
AccelStepper.c:492:6:step4	16	static
AccelStepper.c:517:6:step6	16	static
AccelStepper.c:550:6:step8	16	static
AccelStepper.c:589:6:disableOutputs	40	static
AccelStepper.c:611:6:enableOutputs	136	static
AccelStepper.c:676:6:setMinPulseWidth	16	static
AccelStepper.c:681:6:setEnablePin	48	static
AccelStepper.c:703:6:setPinsInvertedStpDir	16	static
AccelStepper.c:710:6:setPinsInverted	16	static
AccelStepper.c:720:6:runToPosition	16	static
AccelStepper.c:725:9:runSpeedToPosition	16	static
AccelStepper.c:738:6:runToNewPosition	16	static
AccelStepper.c:744:6:stop	24	static
AccelStepper.c:758:9:isRunning	16	static
