main.cpp:72:5:int _write(int, char*, int)	24	static
main.cpp:129:6:void HAL_UARTEx_RxEventCallback(UART_HandleTypeDef*, uint16_t)	24	static
main.cpp:271:6:void fcb_FK(float, float, float, float)	72	static
main.cpp:314:6:void HAL_TIM_PeriodElapsedCallback(TIM_HandleTypeDef*)	40	static
main.cpp:655:5:int main()	8	static
main.cpp:794:6:void SystemClock_Config()	120	static
main.cpp:848:6:void HAL_UART_RxCpltCallback(UART_HandleTypeDef*)	16	static
main.cpp:851:6:void HAL_GPIO_EXTI_Callback(uint16_t)	16	static
main.cpp:861:6:void Error_Handler()	8	static,ignoring_inline_asm
main.cpp:872:1:void __static_initialization_and_destruction_0(int, int)	24	static
main.cpp:872:1:cpp)	8	static
main.cpp:872:1:cpp)	8	static
