main.c:152:1:__io_putchar	16	static
main.c:193:6:delayMicroseconds	40	static
main.c:214:10:CRC16	24	static
main.c:244:10:AMT21_getPositionModbusRTU	56	static
main.c:302:10:AMT21_getPositionRS485	48	static
main.c:335:6:PIDInit	40	static
main.c:349:7:PIDCalculate	32	static
main.c:390:6:IPK_findChessBot	104	static
main.c:429:6:IVK	4	static
main.c:433:6:IAK	4	static
main.c:442:6:Update_Coff	48	static
main.c:468:6:StepDriveRad	24	static
main.c:604:6:StepStop	16	static
main.c:654:5:main	16	static
main.c:843:6:SystemClock_Config	120	static
main.c:900:13:MX_CRC_Init	8	static
main.c:931:13:MX_SPI3_Init	8	static
main.c:979:13:MX_TIM1_Init	112	static
main.c:1059:13:MX_TIM2_Init	64	static
main.c:1118:13:MX_TIM3_Init	64	static
main.c:1177:13:MX_TIM4_Init	64	static
main.c:1236:13:MX_TIM5_Init	40	static
main.c:1282:13:MX_TIM12_Init	24	static
main.c:1321:13:MX_TIM15_Init	112	static
main.c:1397:13:MX_UART4_Init	8	static
main.c:1445:13:MX_USART2_UART_Init	8	static
main.c:1493:13:MX_USART3_UART_Init	8	static
main.c:1539:13:MX_DMA_Init	16	static
main.c:1573:13:MX_GPIO_Init	56	static
main.c:1673:6:HAL_UART_RxCpltCallback	40	static
main.c:1783:6:HAL_GPIO_EXTI_Callback	16	static
main.c:1810:6:HAL_TIM_PeriodElapsedCallback	32	static
main.c:1896:6:Error_Handler	8	static,ignoring_inline_asm
