main.c:84:6:initStepperMotors	56	static
main.c:133:5:main	544	static
main.c:194:6:SystemClock_Config	120	static
main.c:250:13:MX_SPI1_Init	8	static
main.c:298:13:MX_TIM2_Init	40	static
main.c:343:13:MX_UART4_Init	8	static
main.c:391:13:MX_USART3_UART_Init	8	static
main.c:437:13:MX_DMA_Init	16	static
main.c:465:13:MX_GPIO_Init	56	static
main.c:558:6:HAL_UART_RxCpltCallback	16	static
main.c:562:6:HAL_UART_TxCpltCallback	16	static
main.c:566:6:HAL_GPIO_EXTI_Callback	16	static,ignoring_inline_asm
main.c:589:6:HAL_TIM_PeriodElapsedCallback	16	static
main.c:649:6:Error_Handler	4	static,ignoring_inline_asm
