main.c:188:6:RS485ResetEncoder	16	static
main.c:197:6:StepDriveRad	24	static
main.c:336:6:StepDriveRPS	24	static
main.c:470:6:StepStop	16	static
main.c:519:5:main	8	static
main.c:667:6:SystemClock_Config	120	static
main.c:724:13:MX_CRC_Init	8	static
main.c:755:13:MX_SPI3_Init	8	static
main.c:803:13:MX_TIM1_Init	112	static
main.c:883:13:MX_TIM2_Init	64	static
main.c:942:13:MX_TIM3_Init	64	static
main.c:1001:13:MX_TIM4_Init	64	static
main.c:1060:13:MX_TIM5_Init	40	static
main.c:1105:13:MX_TIM12_Init	24	static
main.c:1143:13:MX_TIM15_Init	112	static
main.c:1219:13:MX_UART4_Init	8	static
main.c:1267:13:MX_USART3_UART_Init	8	static
main.c:1313:13:MX_DMA_Init	16	static
main.c:1341:13:MX_GPIO_Init	56	static
main.c:1437:1:__io_putchar	16	static
main.c:1446:6:HAL_UART_RxCpltCallback	40	static
main.c:1556:6:HAL_UART_TxCpltCallback	16	static
main.c:1560:6:HAL_GPIO_EXTI_Callback	16	static
main.c:1581:6:HAL_TIM_PeriodElapsedCallback	16	static
main.c:1613:6:Error_Handler	4	static,ignoring_inline_asm
