main.cpp:99:5:int _write(int, char*, int)	24	static
main.cpp:146:5:int main()	8	static
main.cpp:244:6:void SystemClock_Config()	120	static
main.cpp:301:13:void MX_CRC_Init()	8	static
main.cpp:332:13:void MX_SPI3_Init()	8	static
main.cpp:380:13:void MX_TIM1_Init()	112	static
main.cpp:460:13:void MX_TIM2_Init()	64	static
main.cpp:519:13:void MX_TIM3_Init()	64	static
main.cpp:578:13:void MX_TIM4_Init()	64	static
main.cpp:637:13:void MX_TIM5_Init()	40	static
main.cpp:683:13:void MX_TIM12_Init()	24	static
main.cpp:722:13:void MX_TIM15_Init()	112	static
main.cpp:798:13:void MX_UART4_Init()	8	static
main.cpp:846:13:void MX_UART7_Init()	8	static
main.cpp:894:13:void MX_USART3_UART_Init()	8	static
main.cpp:940:13:void MX_DMA_Init()	16	static
main.cpp:970:13:void MX_GPIO_Init()	56	static
main.cpp:1070:6:void HAL_UART_RxCpltCallback(UART_HandleTypeDef*)	16	static
main.cpp:1075:6:void HAL_GPIO_EXTI_Callback(uint16_t)	16	static
main.cpp:1098:6:void HAL_TIM_PeriodElapsedCallback(TIM_HandleTypeDef*)	16	static
main.cpp:1189:6:void Error_Handler()	8	static,ignoring_inline_asm
main.cpp:1200:1:void __static_initialization_and_destruction_0(int, int)	24	static
main.cpp:1200:1:cpp)	8	static
main.cpp:1200:1:cpp)	8	static
