main.c:138:9:RS485Encoder	48	static
main.c:218:6:RS485ResetEncoder	16	static
main.c:244:6:StepDriveRad	24	static
main.c:373:6:StepDriveRPS	24	static
main.c:497:6:StepStop	16	static
main.c:541:5:main	16	static
main.c:657:6:SystemClock_Config	120	static
main.c:714:13:MX_CRC_Init	8	static
main.c:745:13:MX_SPI3_Init	8	static
main.c:793:13:MX_TIM1_Init	112	static
main.c:873:13:MX_TIM2_Init	64	static
main.c:932:13:MX_TIM3_Init	64	static
main.c:991:13:MX_TIM4_Init	64	static
main.c:1050:13:MX_TIM5_Init	40	static
main.c:1095:13:MX_TIM12_Init	24	static
main.c:1133:13:MX_TIM15_Init	112	static
main.c:1209:13:MX_UART4_Init	8	static
main.c:1257:13:MX_USART3_UART_Init	8	static
main.c:1309:13:MX_DMA_Init	16	static
main.c:1432:13:MX_GPIO_Init	56	static
main.c:1522:1:__io_putchar	16	static
main.c:1531:6:HAL_UART_RxCpltCallback	40	static
main.c:1645:6:HAL_UART_TxCpltCallback	16	static
main.c:1649:6:HAL_GPIO_EXTI_Callback	16	static
main.c:1654:6:HAL_TIM_PeriodElapsedCallback	16	static
main.c:1682:6:Error_Handler	4	static,ignoring_inline_asm
