main.c:94:5:main	8	static
main.c:153:6:SystemClock_Config	120	static
main.c:210:13:MX_SPI1_Init	8	static
main.c:258:13:MX_TIM2_Init	40	static
main.c:303:13:MX_TIM4_Init	64	static
main.c:362:13:MX_UART4_Init	8	static
main.c:410:13:MX_USART3_UART_Init	8	static
main.c:456:13:MX_DMA_Init	16	static
main.c:484:13:MX_GPIO_Init	56	static
main.c:574:6:HAL_UART_RxCpltCallback	16	static
main.c:578:6:HAL_UART_TxCpltCallback	16	static
main.c:582:6:HAL_GPIO_EXTI_Callback	16	static,ignoring_inline_asm
main.c:634:6:HAL_TIM_PeriodElapsedCallback	16	static
main.c:654:6:Error_Handler	4	static,ignoring_inline_asm
