cmath:144:3:constexpr float std::atan2(float, float)	16	static
cmath:463:3:constexpr float std::sqrt(float)	16	static
main.cpp:73:5:int _write(int, char*, int)	24	static
main.cpp:211:6:bool Insert_queue(int, int)	16	static
main.cpp:230:5:int Call_queue()	16	static
main.cpp:254:6:void fcb_FK(float, float, float, float)	72	static
main.cpp:277:6:void fcb_IK(float, float, float, float)	80	static
main.cpp:318:6:void Update_State_Machine()	16	static
main.cpp:501:6:void HAL_UARTEx_RxEventCallback(UART_HandleTypeDef*, uint16_t)	40	static
main.cpp:627:6:void HAL_TIM_PeriodElapsedCallback(TIM_HandleTypeDef*)	48	static
main.cpp:1065:5:int main()	8	static
main.cpp:1258:6:void SystemClock_Config()	120	static
main.cpp:1316:6:void HAL_GPIO_EXTI_Callback(uint16_t)	16	static
main.cpp:1339:6:void Error_Handler()	8	static,ignoring_inline_asm
main.cpp:1350:1:void __static_initialization_and_destruction_0(int, int)	24	static
main.cpp:1350:1:cpp)	8	static
main.cpp:1350:1:cpp)	8	static
