main.c:140:9:RS485Encoder	48	static
main.c:220:6:RS485ResetEncoder	16	static
main.c:246:6:StepDriveRad	24	static
main.c:375:6:StepDriveRPS	24	static
main.c:499:6:StepStop	16	static
main.c:543:5:main	16	static
main.c:659:6:SystemClock_Config	120	static
main.c:716:13:MX_CRC_Init	8	static
main.c:747:13:MX_SPI3_Init	8	static
main.c:795:13:MX_TIM1_Init	112	static
main.c:875:13:MX_TIM2_Init	64	static
main.c:934:13:MX_TIM3_Init	64	static
main.c:993:13:MX_TIM4_Init	64	static
main.c:1052:13:MX_TIM5_Init	40	static
main.c:1097:13:MX_TIM12_Init	24	static
main.c:1135:13:MX_TIM15_Init	112	static
main.c:1211:13:MX_UART4_Init	8	static
main.c:1259:13:MX_USART3_UART_Init	8	static
main.c:1311:13:MX_DMA_Init	16	static
main.c:1434:13:MX_GPIO_Init	56	static
main.c:1524:1:__io_putchar	16	static
main.c:1533:6:HAL_UART_RxCpltCallback	40	static
main.c:1647:6:HAL_UART_TxCpltCallback	16	static
main.c:1651:6:HAL_GPIO_EXTI_Callback	16	static
main.c:1656:6:HAL_TIM_PeriodElapsedCallback	16	static
main.c:1684:6:Error_Handler	4	static,ignoring_inline_asm
