main.c:120:18:RS485Encoder	48	static
main.c:183:9:package_uart	24	static
main.c:208:6:StepDriveRad	24	static
main.c:333:6:StepDriveRPS	24	static
main.c:457:6:StepStop	16	static
main.c:501:5:main	8	static
main.c:575:6:SystemClock_Config	120	static
main.c:632:13:MX_CRC_Init	8	static
main.c:663:13:MX_SPI3_Init	8	static
main.c:711:13:MX_TIM1_Init	112	static
main.c:791:13:MX_TIM2_Init	64	static
main.c:850:13:MX_TIM3_Init	64	static
main.c:909:13:MX_TIM4_Init	64	static
main.c:968:13:MX_TIM5_Init	40	static
main.c:1013:13:MX_TIM12_Init	24	static
main.c:1051:13:MX_TIM15_Init	112	static
main.c:1127:13:MX_UART4_Init	8	static
main.c:1175:13:MX_USART3_UART_Init	8	static
main.c:1227:13:MX_DMA_Init	16	static
main.c:1350:13:MX_GPIO_Init	56	static
main.c:1444:5:__io_putchar	24	static
main.c:1452:5:_write	32	static
main.c:1462:6:HAL_UART_RxCpltCallback	16	static
main.c:1473:6:HAL_UART_TxCpltCallback	16	static
main.c:1480:6:HAL_GPIO_EXTI_Callback	16	static
main.c:1485:6:HAL_TIM_PeriodElapsedCallback	16	static
main.c:1513:6:Error_Handler	4	static,ignoring_inline_asm
