main.c:112:6:StepDriveRad	24	static
main.c:237:6:StepDriveRPS	24	static
main.c:361:6:StepStop	16	static
main.c:401:5:main	8	static
main.c:470:6:SystemClock_Config	120	static
main.c:527:13:MX_SPI3_Init	8	static
main.c:575:13:MX_TIM1_Init	112	static
main.c:655:13:MX_TIM2_Init	64	static
main.c:714:13:MX_TIM3_Init	64	static
main.c:773:13:MX_TIM4_Init	64	static
main.c:832:13:MX_TIM5_Init	40	static
main.c:877:13:MX_TIM15_Init	112	static
main.c:953:13:MX_UART4_Init	8	static
main.c:1001:13:MX_USART3_UART_Init	8	static
main.c:1047:13:MX_DMA_Init	16	static
main.c:1075:13:MX_GPIO_Init	56	static
main.c:1154:6:HAL_UART_RxCpltCallback	16	static
main.c:1164:6:HAL_UART_TxCpltCallback	16	static
main.c:1168:6:HAL_GPIO_EXTI_Callback	16	static
main.c:1173:6:HAL_TIM_PeriodElapsedCallback	16	static
main.c:1186:6:Error_Handler	4	static,ignoring_inline_asm
