main.c:94:5:main	8	static
main.c:158:6:SystemClock_Config	120	static
main.c:214:13:MX_SPI1_Init	8	static
main.c:262:13:MX_TIM2_Init	40	static
main.c:307:13:MX_TIM4_Init	64	static
main.c:366:13:MX_UART4_Init	8	static
main.c:414:13:MX_USART3_UART_Init	8	static
main.c:460:13:MX_DMA_Init	16	static
main.c:488:13:MX_GPIO_Init	56	static
main.c:578:6:HAL_UART_RxCpltCallback	16	static
main.c:582:6:HAL_UART_TxCpltCallback	16	static
main.c:586:6:HAL_GPIO_EXTI_Callback	16	static,ignoring_inline_asm
main.c:630:6:HAL_TIM_PeriodElapsedCallback	16	static
main.c:650:6:Error_Handler	4	static,ignoring_inline_asm
