cmath:144:3:constexpr float std::atan2(float, float)	16	static
cmath:463:3:constexpr float std::sqrt(float)	16	static
main.cpp:72:5:int _write(int, char*, int)	24	static
main.cpp:188:6:bool Insert_queue(int)	16	static
main.cpp:206:5:int Call_queue()	16	static
main.cpp:230:6:void Update_State_Machine()	8	static
main.cpp:262:6:void fcb_FK(float, float, float, float)	72	static
main.cpp:285:6:void fcb_IK(float, float, float, float)	64	static
main.cpp:329:6:void HAL_UARTEx_RxEventCallback(UART_HandleTypeDef*, uint16_t)	32	static
main.cpp:453:6:void HAL_TIM_PeriodElapsedCallback(TIM_HandleTypeDef*)	40	static
main.cpp:824:5:int main()	8	static
main.cpp:993:6:void SystemClock_Config()	120	static
main.cpp:1047:6:void HAL_UART_RxCpltCallback(UART_HandleTypeDef*)	16	static
main.cpp:1050:6:void HAL_GPIO_EXTI_Callback(uint16_t)	16	static
main.cpp:1060:6:void Error_Handler()	8	static,ignoring_inline_asm
main.cpp:1071:1:void __static_initialization_and_destruction_0(int, int)	16	static
main.cpp:1071:1:cpp)	8	static
main.cpp:1071:1:cpp)	8	static
