main.cpp:72:5:int _write(int, char*, int)	24	static
main.cpp:128:6:void HAL_UARTEx_RxEventCallback(UART_HandleTypeDef*, uint16_t)	24	static
main.cpp:325:6:void HAL_TIM_PeriodElapsedCallback(TIM_HandleTypeDef*)	40	static
main.cpp:640:5:int main()	8	static
main.cpp:764:6:void SystemClock_Config()	120	static
main.cpp:818:6:void HAL_UART_RxCpltCallback(UART_HandleTypeDef*)	16	static
main.cpp:821:6:void HAL_GPIO_EXTI_Callback(uint16_t)	16	static
main.cpp:831:6:void Error_Handler()	8	static,ignoring_inline_asm
main.cpp:842:1:void __static_initialization_and_destruction_0(int, int)	24	static
main.cpp:842:1:cpp)	8	static
main.cpp:842:1:cpp)	8	static
