/home/aminballoon/st/stm32cubeide_1.9.0/plugins/com.st.stm32cube.ide.mcu.externaltools.gnu-tools-for-stm32.10.3-2021.10.linux64_1.0.0.202111181127/tools/arm-none-eabi/include/c++/10.3.1/cmath:144:3:constexpr float std::atan2(float, float)	16	static
/home/aminballoon/st/stm32cubeide_1.9.0/plugins/com.st.stm32cube.ide.mcu.externaltools.gnu-tools-for-stm32.10.3-2021.10.linux64_1.0.0.202111181127/tools/arm-none-eabi/include/c++/10.3.1/cmath:463:3:constexpr float std::sqrt(float)	16	static
../Core/Src/main.cpp:73:5:int _write(int, char*, int)	24	static
../Core/Src/main.cpp:203:6:bool Insert_queue(int, int)	16	static
../Core/Src/main.cpp:217:5:int Call_queue()	16	static
../Core/Src/main.cpp:236:6:void fcb_FK(float, float, float, float)	72	static
../Core/Src/main.cpp:258:6:void fcb_IK(float, float, float, float)	80	static
../Core/Src/main.cpp:297:6:void Update_State_Machine()	16	static
../Core/Src/main.cpp:485:6:void HAL_UARTEx_RxEventCallback(UART_HandleTypeDef*, uint16_t)	40	static
../Core/Src/main.cpp:593:6:void HAL_TIM_PeriodElapsedCallback(TIM_HandleTypeDef*)	40	static
../Core/Src/main.cpp:1044:5:int main()	8	static
../Core/Src/main.cpp:1244:6:void SystemClock_Config()	120	static
../Core/Src/main.cpp:1302:6:void HAL_GPIO_EXTI_Callback(uint16_t)	16	static
../Core/Src/main.cpp:1324:6:void Error_Handler()	8	static,ignoring_inline_asm
../Core/Src/main.cpp:1335:1:void __static_initialization_and_destruction_0(int, int)	24	static
../Core/Src/main.cpp:1335:1:cpp)	8	static
../Core/Src/main.cpp:1335:1:cpp)	8	static
