main.c:120:18:RS485Encoder	48	static
main.c:173:9:package_uart	24	static
main.c:198:6:StepDriveRad	24	static
main.c:323:6:StepDriveRPS	24	static
main.c:447:6:StepStop	16	static
main.c:491:5:main	8	static
main.c:565:6:SystemClock_Config	120	static
main.c:622:13:MX_CRC_Init	8	static
main.c:653:13:MX_SPI3_Init	8	static
main.c:701:13:MX_TIM1_Init	112	static
main.c:781:13:MX_TIM2_Init	64	static
main.c:840:13:MX_TIM3_Init	64	static
main.c:899:13:MX_TIM4_Init	64	static
main.c:958:13:MX_TIM5_Init	40	static
main.c:1003:13:MX_TIM12_Init	24	static
main.c:1041:13:MX_TIM15_Init	112	static
main.c:1117:13:MX_UART4_Init	8	static
main.c:1165:13:MX_USART3_UART_Init	8	static
main.c:1217:13:MX_DMA_Init	16	static
main.c:1340:13:MX_GPIO_Init	56	static
main.c:1434:5:__io_putchar	24	static
main.c:1442:5:_write	32	static
main.c:1452:6:HAL_UART_RxCpltCallback	16	static
main.c:1463:6:HAL_UART_TxCpltCallback	16	static
main.c:1470:6:HAL_GPIO_EXTI_Callback	16	static
main.c:1475:6:HAL_TIM_PeriodElapsedCallback	16	static
main.c:1503:6:Error_Handler	4	static,ignoring_inline_asm
