cmath:144:3:constexpr float std::atan2(float, float)	16	static
cmath:463:3:constexpr float std::sqrt(float)	16	static
main.cpp:72:5:int _write(int, char*, int)	24	static
main.cpp:193:6:bool Insert_queue(int)	16	static
main.cpp:211:5:int Call_queue()	16	static
main.cpp:235:6:void fcb_FK(float, float, float, float)	72	static
main.cpp:258:6:void fcb_IK(float, float, float, float)	80	static
main.cpp:298:6:void Update_State_Machine()	16	static
main.cpp:453:6:void HAL_UARTEx_RxEventCallback(UART_HandleTypeDef*, uint16_t)	32	static
main.cpp:576:6:void HAL_TIM_PeriodElapsedCallback(TIM_HandleTypeDef*)	32	static
main.cpp:932:5:int main()	8	static
main.cpp:1129:6:void SystemClock_Config()	120	static
main.cpp:1187:6:void HAL_GPIO_EXTI_Callback(uint16_t)	16	static
main.cpp:1210:6:void Error_Handler()	8	static,ignoring_inline_asm
main.cpp:1221:1:void __static_initialization_and_destruction_0(int, int)	24	static
main.cpp:1221:1:cpp)	8	static
main.cpp:1221:1:cpp)	8	static
