cmath:144:3:constexpr float std::atan2(float, float)	16	static
cmath:184:3:constexpr float std::cos(float)	16	static
cmath:425:3:constexpr float std::sin(float)	16	static
cmath:463:3:constexpr float std::sqrt(float)	16	static
main.cpp:71:5:int _write(int, char*, int)	24	static
main.cpp:121:6:void HAL_UARTEx_RxEventCallback(UART_HandleTypeDef*, uint16_t)	24	static
main.cpp:290:8:robot_joint::robot_joint()	16	static
main.cpp:328:6:void Update_ivk(float, float, float, float, float, float, float, float)	72	static
main.cpp:358:11:fcb_joint KalmanFilter(float, fcb_joint)	80	static
main.cpp:410:14:joint_config find_IK(float, float, float, float)	120	static
main.cpp:440:6:void HAL_TIM_PeriodElapsedCallback(TIM_HandleTypeDef*)	328	static
main.cpp:711:5:int main()	24	static
main.cpp:897:6:void SystemClock_Config()	120	static
main.cpp:951:6:void HAL_UART_RxCpltCallback(UART_HandleTypeDef*)	16	static
main.cpp:954:6:void HAL_GPIO_EXTI_Callback(uint16_t)	16	static
main.cpp:964:6:void Error_Handler()	8	static,ignoring_inline_asm
cmath:415:5:constexpr typename __gnu_cxx::__promote_2<_Tp, _Up>::__type std::pow(_Tp, _Up) [with _Tp = float; _Up = int]	16	static
main.cpp:975:1:void __static_initialization_and_destruction_0(int, int)	24	static
main.cpp:975:1:cpp)	8	static
main.cpp:975:1:cpp)	8	static
