dwt_stm32_delay.h:25:22:DWT_Delay_us	24	static
main.c:115:9:package_uart	24	static
main.c:136:6:StepDriveRad	24	static
main.c:261:6:StepDriveRPS	24	static
main.c:385:6:StepStop	16	static
main.c:419:10:RS485_Encoder	24	static
main.c:439:5:main	8	static
main.c:513:6:SystemClock_Config	120	static
main.c:570:13:MX_SPI3_Init	8	static
main.c:618:13:MX_TIM1_Init	112	static
main.c:698:13:MX_TIM2_Init	64	static
main.c:757:13:MX_TIM3_Init	64	static
main.c:816:13:MX_TIM4_Init	64	static
main.c:875:13:MX_TIM5_Init	40	static
main.c:920:13:MX_TIM12_Init	24	static
main.c:958:13:MX_TIM15_Init	112	static
main.c:1034:13:MX_UART4_Init	8	static
main.c:1082:13:MX_USART3_UART_Init	8	static
main.c:1134:13:MX_DMA_Init	16	static
main.c:1257:13:MX_GPIO_Init	56	static
main.c:1348:5:__io_putchar	24	static
main.c:1356:5:_write	32	static
main.c:1366:6:HAL_UART_RxCpltCallback	16	static
main.c:1373:6:HAL_UART_TxCpltCallback	16	static
main.c:1377:6:HAL_GPIO_EXTI_Callback	16	static
main.c:1382:6:HAL_TIM_PeriodElapsedCallback	16	static
main.c:1399:6:Error_Handler	4	static,ignoring_inline_asm
