cmath:144:3:constexpr float std::atan2(float, float)	16	static
cmath:463:3:constexpr float std::sqrt(float)	16	static
main.cpp:103:5:int _write(int, char*, int)	24	static
main.cpp:177:6:void HAL_TIM_PeriodElapsedCallback(TIM_HandleTypeDef*)	24	static
main.cpp:283:5:int main()	8	static
main.cpp:376:6:void SystemClock_Config()	120	static
main.cpp:433:13:void MX_CRC_Init()	8	static
main.cpp:464:13:void MX_SPI3_Init()	8	static
main.cpp:512:13:void MX_TIM1_Init()	112	static
main.cpp:592:13:void MX_TIM2_Init()	64	static
main.cpp:651:13:void MX_TIM3_Init()	64	static
main.cpp:710:13:void MX_TIM4_Init()	64	static
main.cpp:769:13:void MX_TIM5_Init()	40	static
main.cpp:815:13:void MX_TIM6_Init()	24	static
main.cpp:853:13:void MX_TIM7_Init()	24	static
main.cpp:891:13:void MX_TIM12_Init()	24	static
main.cpp:930:13:void MX_TIM15_Init()	112	static
main.cpp:1006:13:void MX_UART4_Init()	8	static
main.cpp:1054:13:void MX_UART7_Init()	8	static
main.cpp:1102:13:void MX_USART3_UART_Init()	8	static
main.cpp:1148:13:void MX_DMA_Init()	16	static
main.cpp:1178:13:void MX_GPIO_Init()	56	static
main.cpp:1279:14:joint_config find_IK(float, float, float, float)	120	static
main.cpp:1303:6:void HAL_UART_RxCpltCallback(UART_HandleTypeDef*)	16	static
main.cpp:1308:6:void HAL_GPIO_EXTI_Callback(uint16_t)	16	static
main.cpp:1337:6:void Error_Handler()	8	static,ignoring_inline_asm
main.cpp:1348:1:void __static_initialization_and_destruction_0(int, int)	24	static
main.cpp:1348:1:cpp)	8	static
main.cpp:1348:1:cpp)	8	static
