main.c:171:6:PIDInit	40	static
main.c:182:7:PIDCalculate	32	static
main.c:222:6:IPK_findChessBot	104	static
main.c:274:6:Update_Coff	48	static
main.c:300:6:StepDriveRad	24	static
main.c:436:6:StepStop	16	static
main.c:486:5:main	40	static
main.c:632:6:SystemClock_Config	120	static
main.c:689:13:MX_CRC_Init	8	static
main.c:720:13:MX_SPI3_Init	8	static
main.c:768:13:MX_TIM1_Init	112	static
main.c:848:13:MX_TIM2_Init	64	static
main.c:907:13:MX_TIM3_Init	64	static
main.c:966:13:MX_TIM4_Init	64	static
main.c:1025:13:MX_TIM5_Init	40	static
main.c:1071:13:MX_TIM12_Init	24	static
main.c:1110:13:MX_TIM15_Init	112	static
main.c:1186:13:MX_UART4_Init	8	static
main.c:1234:13:MX_USART3_UART_Init	8	static
main.c:1280:13:MX_DMA_Init	16	static
main.c:1308:13:MX_GPIO_Init	56	static
main.c:1414:1:__io_putchar	16	static
main.c:1423:6:HAL_UART_RxCpltCallback	40	static
main.c:1533:6:HAL_UART_TxCpltCallback	16	static
main.c:1537:6:HAL_GPIO_EXTI_Callback	16	static
main.c:1564:6:HAL_TIM_PeriodElapsedCallback	32	static
main.c:1629:6:Error_Handler	8	static,ignoring_inline_asm
