main.c:140:9:RS485Encoder	48	static
main.c:220:6:RS485ResetEncoder	16	static
main.c:246:6:StepDriveRad	24	static
main.c:380:6:StepDriveRPS	24	static
main.c:504:6:StepStop	16	static
main.c:548:5:main	48	static
main.c:665:6:SystemClock_Config	120	static
main.c:722:13:MX_CRC_Init	8	static
main.c:753:13:MX_SPI3_Init	8	static
main.c:801:13:MX_TIM1_Init	112	static
main.c:881:13:MX_TIM2_Init	64	static
main.c:940:13:MX_TIM3_Init	64	static
main.c:999:13:MX_TIM4_Init	64	static
main.c:1058:13:MX_TIM5_Init	40	static
main.c:1103:13:MX_TIM12_Init	24	static
main.c:1141:13:MX_TIM15_Init	112	static
main.c:1217:13:MX_UART4_Init	8	static
main.c:1265:13:MX_USART3_UART_Init	8	static
main.c:1317:13:MX_DMA_Init	16	static
main.c:1440:13:MX_GPIO_Init	56	static
main.c:1530:1:__io_putchar	16	static
main.c:1539:6:HAL_UART_RxCpltCallback	40	static
main.c:1653:6:HAL_UART_TxCpltCallback	16	static
main.c:1657:6:HAL_GPIO_EXTI_Callback	16	static
main.c:1662:6:HAL_TIM_PeriodElapsedCallback	16	static
main.c:1691:6:Error_Handler	4	static,ignoring_inline_asm
