main.c:168:6:PIDInit	40	static
main.c:179:7:PIDcalculate	32	static
main.c:208:6:IPK_findChessBot	104	static
main.c:260:6:Update_Coff	48	static
main.c:330:6:StepDriveRad	24	static
main.c:465:6:StepDriveRPS	24	static
main.c:595:6:StepStop	16	static
main.c:641:5:main	8	static
main.c:815:6:SystemClock_Config	120	static
main.c:872:13:MX_CRC_Init	8	static
main.c:903:13:MX_SPI3_Init	8	static
main.c:951:13:MX_TIM1_Init	112	static
main.c:1031:13:MX_TIM2_Init	64	static
main.c:1090:13:MX_TIM3_Init	64	static
main.c:1149:13:MX_TIM4_Init	64	static
main.c:1208:13:MX_TIM5_Init	40	static
main.c:1254:13:MX_TIM12_Init	24	static
main.c:1293:13:MX_TIM15_Init	112	static
main.c:1369:13:MX_UART4_Init	8	static
main.c:1417:13:MX_USART3_UART_Init	8	static
main.c:1463:13:MX_DMA_Init	16	static
main.c:1491:13:MX_GPIO_Init	56	static
main.c:1597:1:__io_putchar	16	static
main.c:1606:6:HAL_UART_RxCpltCallback	40	static
main.c:1716:6:HAL_UART_TxCpltCallback	16	static
main.c:1720:6:HAL_GPIO_EXTI_Callback	16	static
main.c:1740:6:HAL_TIM_PeriodElapsedCallback	40	static
main.c:1812:6:Error_Handler	8	static,ignoring_inline_asm
