main.c:101:9:package_uart	24	static
main.c:121:6:StepDriveRad	24	static
main.c:246:6:StepDriveRPS	24	static
main.c:370:6:StepStop	16	static
main.c:410:5:main	8	static
main.c:488:6:SystemClock_Config	120	static
main.c:545:13:MX_SPI3_Init	8	static
main.c:593:13:MX_TIM1_Init	112	static
main.c:673:13:MX_TIM2_Init	64	static
main.c:732:13:MX_TIM3_Init	64	static
main.c:791:13:MX_TIM4_Init	64	static
main.c:850:13:MX_TIM5_Init	40	static
main.c:895:13:MX_TIM15_Init	112	static
main.c:971:13:MX_UART4_Init	8	static
main.c:1019:13:MX_USART3_UART_Init	8	static
main.c:1065:13:MX_DMA_Init	16	static
main.c:1093:13:MX_GPIO_Init	56	static
main.c:1174:5:__io_putchar	24	static
main.c:1182:5:_write	32	static
main.c:1192:6:HAL_UART_RxCpltCallback	16	static
main.c:1203:6:HAL_UART_TxCpltCallback	16	static
main.c:1207:6:HAL_GPIO_EXTI_Callback	16	static
main.c:1212:6:HAL_TIM_PeriodElapsedCallback	16	static
main.c:1225:6:Error_Handler	4	static,ignoring_inline_asm
