dwt_stm32_delay.h:25:22:DWT_Delay_us	24	static
main.c:113:9:package_uart	24	static
main.c:134:6:StepDriveRad	24	static
main.c:259:6:StepDriveRPS	24	static
main.c:383:6:StepStop	16	static
main.c:417:10:RS485_Encoder	24	static
main.c:437:5:main	8	static
main.c:510:6:SystemClock_Config	120	static
main.c:567:13:MX_SPI3_Init	8	static
main.c:615:13:MX_TIM1_Init	112	static
main.c:695:13:MX_TIM2_Init	64	static
main.c:754:13:MX_TIM3_Init	64	static
main.c:813:13:MX_TIM4_Init	64	static
main.c:872:13:MX_TIM5_Init	40	static
main.c:917:13:MX_TIM15_Init	112	static
main.c:993:13:MX_UART4_Init	8	static
main.c:1041:13:MX_USART3_UART_Init	8	static
main.c:1093:13:MX_DMA_Init	16	static
main.c:1216:13:MX_GPIO_Init	56	static
main.c:1307:5:__io_putchar	24	static
main.c:1315:5:_write	32	static
main.c:1325:6:HAL_UART_RxCpltCallback	16	static
main.c:1332:6:HAL_UART_TxCpltCallback	16	static
main.c:1336:6:HAL_GPIO_EXTI_Callback	16	static
main.c:1341:6:HAL_TIM_PeriodElapsedCallback	16	static
main.c:1354:6:Error_Handler	4	static,ignoring_inline_asm
