cmath:144:3:constexpr float std::atan2(float, float)	16	static
cmath:184:3:constexpr float std::cos(float)	16	static
cmath:425:3:constexpr float std::sin(float)	16	static
cmath:463:3:constexpr float std::sqrt(float)	16	static
main.cpp:107:5:int _write(int, char*, int)	24	static
main.cpp:215:8:robot_joint::robot_joint()	16	static
main.cpp:245:6:void Update_ivk(float, float, float, float)	72	static
main.cpp:264:6:void KalmanFilter(float, float, float, float, float, float, float)	72	static
main.cpp:273:14:joint_config find_IK(float, float, float, float)	96	static
main.cpp:302:6:void HAL_TIM_PeriodElapsedCallback(TIM_HandleTypeDef*)	40	static
main.cpp:457:5:int main()	8	static
main.cpp:614:6:void SystemClock_Config()	120	static
main.cpp:671:13:void MX_CRC_Init()	8	static
main.cpp:702:13:void MX_SPI3_Init()	8	static
main.cpp:750:13:void MX_TIM1_Init()	112	static
main.cpp:830:13:void MX_TIM2_Init()	64	static
main.cpp:889:13:void MX_TIM3_Init()	64	static
main.cpp:948:13:void MX_TIM4_Init()	64	static
main.cpp:1007:13:void MX_TIM5_Init()	40	static
main.cpp:1053:13:void MX_TIM6_Init()	24	static
main.cpp:1091:13:void MX_TIM7_Init()	24	static
main.cpp:1129:13:void MX_TIM12_Init()	24	static
main.cpp:1167:13:void MX_TIM13_Init()	8	static
main.cpp:1198:13:void MX_TIM14_Init()	8	static
main.cpp:1229:13:void MX_TIM15_Init()	112	static
main.cpp:1305:13:void MX_UART4_Init()	8	static
main.cpp:1354:13:void MX_UART7_Init()	8	static
main.cpp:1402:13:void MX_USART3_UART_Init()	8	static
main.cpp:1448:13:void MX_DMA_Init()	16	static
main.cpp:1478:13:void MX_GPIO_Init()	56	static
main.cpp:1581:6:void HAL_UART_RxCpltCallback(UART_HandleTypeDef*)	16	static
main.cpp:1584:6:void HAL_GPIO_EXTI_Callback(uint16_t)	16	static
main.cpp:1594:6:void Error_Handler()	8	static,ignoring_inline_asm
cmath:415:5:constexpr typename __gnu_cxx::__promote_2<_Tp, _Up>::__type std::pow(_Tp, _Up) [with _Tp = float; _Up = int]	16	static
main.cpp:1605:1:void __static_initialization_and_destruction_0(int, int)	24	static
main.cpp:1605:1:cpp)	8	static
main.cpp:1605:1:cpp)	8	static
