main.c:131:9:RS485Encoder	48	static
main.c:215:6:StepDriveRad	24	static
main.c:344:6:StepDriveRPS	24	static
main.c:468:6:StepStop	16	static
main.c:512:5:main	8	static
main.c:582:6:SystemClock_Config	120	static
main.c:639:13:MX_CRC_Init	8	static
main.c:670:13:MX_SPI3_Init	8	static
main.c:718:13:MX_TIM1_Init	112	static
main.c:798:13:MX_TIM2_Init	64	static
main.c:857:13:MX_TIM3_Init	64	static
main.c:916:13:MX_TIM4_Init	64	static
main.c:975:13:MX_TIM5_Init	40	static
main.c:1020:13:MX_TIM12_Init	24	static
main.c:1058:13:MX_TIM15_Init	112	static
main.c:1134:13:MX_UART4_Init	8	static
main.c:1182:13:MX_USART3_UART_Init	8	static
main.c:1234:13:MX_DMA_Init	16	static
main.c:1357:13:MX_GPIO_Init	56	static
main.c:1469:6:HAL_UART_RxCpltCallback	40	static
main.c:1573:6:HAL_UART_TxCpltCallback	16	static
main.c:1577:6:HAL_GPIO_EXTI_Callback	16	static
main.c:1582:6:HAL_TIM_PeriodElapsedCallback	16	static
main.c:1610:6:Error_Handler	4	static,ignoring_inline_asm
