modbus.c:44:13:modbus_strerror	16	static
modbus.c:81:6:_error_print	24	static
modbus.c:93:13:_sleep_response_timeout	16	static
modbus.c:116:5:modbus_flush	24	static
modbus.c:134:21:compute_response_length_from_request	32	static
modbus.c:171:12:send_msg	40	static
modbus.c:215:5:modbus_send_raw_request	304	static
modbus.c:257:16:compute_meta_length_after_function	24	static
modbus.c:297:12:compute_data_length_after_meta	32	static
modbus.c:345:5:_modbus_receive_msg	96	static
modbus.c:488:5:modbus_receive	16	static
modbus.c:506:5:modbus_receive_confirmation	16	static
modbus.c:516:12:check_confirmation	64	static
modbus.c:647:12:response_io_status	40	static
modbus.c:674:12:response_exception	32	static
modbus.c:710:5:modbus_reply	512	static
modbus.c:1010:5:modbus_reply_exception	320	static
modbus.c:1046:12:read_io_status	344	static
modbus.c:1091:5:modbus_read_bits	40	static
modbus.c:1120:5:modbus_read_input_bits	40	static
modbus.c:1148:12:read_registers	328	static
modbus.c:1195:5:modbus_read_registers	40	static
modbus.c:1220:5:modbus_read_input_registers	40	static
modbus.c:1246:12:write_single	320	static
modbus.c:1275:5:modbus_write_bit	24	static
modbus.c:1287:5:modbus_write_register	24	static
modbus.c:1298:5:modbus_write_bits	592	static
modbus.c:1361:5:modbus_write_registers	576	static
modbus.c:1409:5:modbus_mask_write_register	328	static
modbus.c:1447:5:modbus_write_and_read_registers	584	static
modbus.c:1526:5:modbus_report_slave_id	328	static
modbus.c:1569:6:_modbus_init_common	16	static
modbus.c:1589:5:modbus_set_slave	16	static
modbus.c:1599:5:modbus_get_slave	16	static
modbus.c:1609:5:modbus_set_error_recovery	16	static
modbus.c:1622:5:modbus_set_socket	16	static
modbus.c:1633:5:modbus_get_socket	16	static
modbus.c:1644:5:modbus_get_response_timeout	24	static
modbus.c:1656:5:modbus_set_response_timeout	24	static
modbus.c:1670:5:modbus_get_byte_timeout	24	static
modbus.c:1682:5:modbus_set_byte_timeout	24	static
modbus.c:1696:5:modbus_get_indication_timeout	24	static
modbus.c:1708:5:modbus_set_indication_timeout	24	static
modbus.c:1721:5:modbus_get_header_length	16	static
modbus.c:1731:5:modbus_connect	16	static
modbus.c:1741:6:modbus_close	16	static
modbus.c:1749:6:modbus_free	16	static
modbus.c:1757:5:modbus_set_debug	16	static
modbus.c:1774:19:modbus_mapping_new_start_address	32	static
modbus.c:1858:19:modbus_mapping_new	40	static
modbus.c:1866:6:modbus_mapping_free	16	static
string.h:116:8:strlcpy	32	static
