/home/aminballoon/st/stm32cubeide_1.9.0/plugins/com.st.stm32cube.ide.mcu.externaltools.gnu-tools-for-stm32.10.3-2021.10.linux64_1.0.0.202111181127/tools/arm-none-eabi/include/c++/10.3.1/cmath:241:3:constexpr float std::fabs(float)	16	static
/home/aminballoon/st/stm32cubeide_1.9.0/plugins/com.st.stm32cube.ide.mcu.externaltools.gnu-tools-for-stm32.10.3-2021.10.linux64_1.0.0.202111181127/tools/arm-none-eabi/include/c++/10.3.1/cmath:1756:3:constexpr float std::round(float)	16	static
../Core/Src/Stepper.cpp:9:1:Stepper::Stepper(TIM_HandleTypeDef*, uint32_t, GPIO_TypeDef*, uint32_t)	24	static
../Core/Src/Stepper.cpp:20:1:Stepper::~Stepper()	16	static
../Core/Src/Stepper.cpp:22:6:void Stepper::StepperEnable()	16	static
../Core/Src/Stepper.cpp:25:6:void Stepper::StepperDisable()	16	static
../Core/Src/Stepper.cpp:28:6:void Stepper::StepperSetFrequency(float)	32	static
../Core/Src/Stepper.cpp:159:6:void Stepper::StepperSetMaxFrequency(float)	16	static
../Core/Src/Stepper.cpp:162:6:void Stepper::StepperSetRatio(float)	16	static
/home/aminballoon/st/stm32cubeide_1.9.0/plugins/com.st.stm32cube.ide.mcu.externaltools.gnu-tools-for-stm32.10.3-2021.10.linux64_1.0.0.202111181127/tools/arm-none-eabi/include/c++/10.3.1/cmath:253:5:constexpr typename __gnu_cxx::__enable_if<std::__is_integer<_Tp>::__value, double>::__type std::fabs(_Tp) [with _Tp = unsigned char]	16	static
../Core/Src/Stepper.cpp:165:6:void Stepper::StepperSetMicrostep(uint8_t)	16	static
../Core/Src/Stepper.cpp:168:6:void Stepper::StepperOpenLoopSpeed(float)	16	static
../Core/Src/Stepper.cpp:177:6:void Stepper::StepperOpenLoopSpeedM(float)	16	static
../Core/Src/Stepper.cpp:186:7:float Stepper::getFrequency()	16	static
/home/aminballoon/st/stm32cubeide_1.9.0/plugins/com.st.stm32cube.ide.mcu.externaltools.gnu-tools-for-stm32.10.3-2021.10.linux64_1.0.0.202111181127/tools/arm-none-eabi/include/c++/10.3.1/cmath:1768:5:constexpr typename __gnu_cxx::__enable_if<std::__is_integer<_Tp>::__value, double>::__type std::round(_Tp) [with _Tp = long unsigned int]	16	static
