cmath:241:3:constexpr float std::fabs(float)	16	static
cmath:1756:3:constexpr float std::round(float)	16	static
Stepper.cpp:9:1:Stepper::Stepper(TIM_HandleTypeDef*, uint32_t, GPIO_TypeDef*, uint32_t)	24	static
Stepper.cpp:21:1:Stepper::~Stepper()	16	static
Stepper.cpp:23:6:void Stepper::StepperEnable()	16	static
Stepper.cpp:26:6:void Stepper::StepperDisable()	16	static
Stepper.cpp:29:6:void Stepper::StepperSetFrequency(float)	32	static
Stepper.cpp:161:6:void Stepper::StepperSetMaxFrequency(float)	16	static
Stepper.cpp:164:6:void Stepper::StepperSetRatio(float)	16	static
cmath:253:5:constexpr typename __gnu_cxx::__enable_if<std::__is_integer<_Tp>::__value, double>::__type std::fabs(_Tp) [with _Tp = unsigned char]	16	static
Stepper.cpp:167:6:void Stepper::StepperSetMicrostep(uint8_t)	16	static
Stepper.cpp:170:6:void Stepper::StepperOpenLoopSpeed(float)	16	static
cmath:1768:5:constexpr typename __gnu_cxx::__enable_if<std::__is_integer<_Tp>::__value, double>::__type std::round(_Tp) [with _Tp = long unsigned int]	16	static
