stm32h7xx_it.c:92:6:NMI_Handler	4	static
stm32h7xx_it.c:107:6:HardFault_Handler	4	static
stm32h7xx_it.c:122:6:MemManage_Handler	4	static
stm32h7xx_it.c:137:6:BusFault_Handler	4	static
stm32h7xx_it.c:152:6:UsageFault_Handler	4	static
stm32h7xx_it.c:167:6:SVC_Handler	4	static
stm32h7xx_it.c:180:6:DebugMon_Handler	4	static
stm32h7xx_it.c:193:6:PendSV_Handler	4	static
stm32h7xx_it.c:206:6:SysTick_Handler	8	static
stm32h7xx_it.c:227:6:DMA1_Stream0_IRQHandler	8	static
stm32h7xx_it.c:241:6:DMA1_Stream1_IRQHandler	8	static
stm32h7xx_it.c:255:6:DMA1_Stream2_IRQHandler	8	static
stm32h7xx_it.c:269:6:DMA1_Stream3_IRQHandler	8	static
stm32h7xx_it.c:283:6:DMA1_Stream4_IRQHandler	8	static
stm32h7xx_it.c:297:6:DMA1_Stream5_IRQHandler	8	static
stm32h7xx_it.c:311:6:DMA1_Stream6_IRQHandler	8	static
stm32h7xx_it.c:325:6:EXTI9_5_IRQHandler	8	static
stm32h7xx_it.c:340:6:USART2_IRQHandler	8	static
stm32h7xx_it.c:354:6:USART3_IRQHandler	8	static
stm32h7xx_it.c:368:6:EXTI15_10_IRQHandler	8	static
stm32h7xx_it.c:385:6:TIM8_BRK_TIM12_IRQHandler	8	static
stm32h7xx_it.c:400:6:TIM8_UP_TIM13_IRQHandler	8	static
stm32h7xx_it.c:415:6:TIM8_TRG_COM_TIM14_IRQHandler	8	static
stm32h7xx_it.c:430:6:TIM8_CC_IRQHandler	8	static
stm32h7xx_it.c:444:6:DMA1_Stream7_IRQHandler	8	static
stm32h7xx_it.c:458:6:TIM5_IRQHandler	8	static
stm32h7xx_it.c:472:6:SPI3_IRQHandler	8	static
stm32h7xx_it.c:486:6:UART4_IRQHandler	8	static
stm32h7xx_it.c:500:6:TIM6_DAC_IRQHandler	8	static
stm32h7xx_it.c:514:6:TIM7_IRQHandler	8	static
stm32h7xx_it.c:528:6:DMA2_Stream0_IRQHandler	8	static
stm32h7xx_it.c:542:6:UART7_IRQHandler	8	static
stm32h7xx_it.c:556:6:TIM16_IRQHandler	8	static
stm32h7xx_it.c:570:6:TIM17_IRQHandler	8	static
