stm32h7xx_it.c:78:6:NMI_Handler	4	static
stm32h7xx_it.c:93:6:HardFault_Handler	4	static
stm32h7xx_it.c:108:6:MemManage_Handler	4	static
stm32h7xx_it.c:123:6:BusFault_Handler	4	static
stm32h7xx_it.c:138:6:UsageFault_Handler	4	static
stm32h7xx_it.c:153:6:SVC_Handler	4	static
stm32h7xx_it.c:166:6:DebugMon_Handler	4	static
stm32h7xx_it.c:179:6:PendSV_Handler	4	static
stm32h7xx_it.c:192:6:SysTick_Handler	8	static
stm32h7xx_it.c:213:6:DMA1_Stream1_IRQHandler	8	static
stm32h7xx_it.c:227:6:DMA1_Stream2_IRQHandler	8	static
stm32h7xx_it.c:241:6:EXTI9_5_IRQHandler	8	static
stm32h7xx_it.c:256:6:USART3_IRQHandler	8	static
stm32h7xx_it.c:270:6:EXTI15_10_IRQHandler	8	static
stm32h7xx_it.c:287:6:TIM8_BRK_TIM12_IRQHandler	8	static
stm32h7xx_it.c:301:6:TIM5_IRQHandler	8	static
stm32h7xx_it.c:315:6:UART4_IRQHandler	8	static
stm32h7xx_it.c:329:6:DMA2_Stream0_IRQHandler	8	static
stm32h7xx_it.c:343:6:DMA2_Stream1_IRQHandler	8	static
stm32h7xx_it.c:357:6:TIM15_IRQHandler	8	static
