tim.c:43:6:MX_TIM1_Init	112	static
tim.c:118:6:MX_TIM2_Init	64	static
tim.c:172:6:MX_TIM3_Init	64	static
tim.c:226:6:MX_TIM4_Init	64	static
tim.c:280:6:MX_TIM5_Init	40	static
tim.c:320:6:MX_TIM6_Init	24	static
tim.c:353:6:MX_TIM7_Init	24	static
tim.c:386:6:MX_TIM8_Init	56	static
tim.c:432:6:MX_TIM12_Init	24	static
tim.c:465:6:MX_TIM13_Init	8	static
tim.c:491:6:MX_TIM14_Init	8	static
tim.c:517:6:MX_TIM15_Init	112	static
tim.c:588:6:MX_TIM16_Init	8	static
tim.c:615:6:MX_TIM17_Init	8	static
tim.c:642:6:HAL_TIM_Base_MspInit	72	static
tim.c:822:6:HAL_TIM_Encoder_MspInit	48	static
tim.c:860:6:HAL_TIM_MspPostInit	56	static
tim.c:971:6:HAL_TIM_Base_MspDeInit	16	static
tim.c:1164:6:HAL_TIM_Encoder_MspDeInit	16	static
