tim.c:42:6:MX_TIM1_Init	112	static
tim.c:117:6:MX_TIM2_Init	64	static
tim.c:171:6:MX_TIM3_Init	64	static
tim.c:225:6:MX_TIM4_Init	64	static
tim.c:279:6:MX_TIM5_Init	40	static
tim.c:319:6:MX_TIM6_Init	24	static
tim.c:352:6:MX_TIM7_Init	24	static
tim.c:385:6:MX_TIM12_Init	24	static
tim.c:418:6:MX_TIM13_Init	8	static
tim.c:444:6:MX_TIM14_Init	8	static
tim.c:470:6:MX_TIM15_Init	112	static
tim.c:541:6:MX_TIM16_Init	8	static
tim.c:568:6:MX_TIM17_Init	8	static
tim.c:595:6:HAL_TIM_Base_MspInit	72	static
tim.c:774:6:HAL_TIM_MspPostInit	56	static
tim.c:885:6:HAL_TIM_Base_MspDeInit	16	static
